Archive member included to satisfy reference by file (symbol)

C:/ST/STM32CubeIDE_1.14.0/STM32CubeIDE/plugins/com.st.stm32cube.ide.mcu.externaltools.gnu-tools-for-stm32.12.3.rel1.win32_1.0.200.202406191623/tools/bin/../lib/gcc/arm-none-eabi/12.3.1/../../../../arm-none-eabi/lib/thumb/v7e-m+fp/hard\libc_nano.a(libc_a-exit.o)
                              C:/ST/STM32CubeIDE_1.14.0/STM32CubeIDE/plugins/com.st.stm32cube.ide.mcu.externaltools.gnu-tools-for-stm32.12.3.rel1.win32_1.0.200.202406191623/tools/bin/../lib/gcc/arm-none-eabi/12.3.1/../../../../arm-none-eabi/lib/thumb/v7e-m+fp/hard/crt0.o (exit)
C:/ST/STM32CubeIDE_1.14.0/STM32CubeIDE/plugins/com.st.stm32cube.ide.mcu.externaltools.gnu-tools-for-stm32.12.3.rel1.win32_1.0.200.202406191623/tools/bin/../lib/gcc/arm-none-eabi/12.3.1/../../../../arm-none-eabi/lib/thumb/v7e-m+fp/hard\libc_nano.a(libc_a-nano-vfprintf_float.o)
                              (_printf_float)
C:/ST/STM32CubeIDE_1.14.0/STM32CubeIDE/plugins/com.st.stm32cube.ide.mcu.externaltools.gnu-tools-for-stm32.12.3.rel1.win32_1.0.200.202406191623/tools/bin/../lib/gcc/arm-none-eabi/12.3.1/../../../../arm-none-eabi/lib/thumb/v7e-m+fp/hard\libc_nano.a(libc_a-nano-vfprintf_i.o)
                              C:/ST/STM32CubeIDE_1.14.0/STM32CubeIDE/plugins/com.st.stm32cube.ide.mcu.externaltools.gnu-tools-for-stm32.12.3.rel1.win32_1.0.200.202406191623/tools/bin/../lib/gcc/arm-none-eabi/12.3.1/../../../../arm-none-eabi/lib/thumb/v7e-m+fp/hard\libc_nano.a(libc_a-nano-vfprintf_float.o) (_printf_common)
C:/ST/STM32CubeIDE_1.14.0/STM32CubeIDE/plugins/com.st.stm32cube.ide.mcu.externaltools.gnu-tools-for-stm32.12.3.rel1.win32_1.0.200.202406191623/tools/bin/../lib/gcc/arm-none-eabi/12.3.1/../../../../arm-none-eabi/lib/thumb/v7e-m+fp/hard\libc_nano.a(libc_a-findfp.o)
                              C:/ST/STM32CubeIDE_1.14.0/STM32CubeIDE/plugins/com.st.stm32cube.ide.mcu.externaltools.gnu-tools-for-stm32.12.3.rel1.win32_1.0.200.202406191623/tools/bin/../lib/gcc/arm-none-eabi/12.3.1/../../../../arm-none-eabi/lib/thumb/v7e-m+fp/hard\libc_nano.a(libc_a-exit.o) (__stdio_exit_handler)
C:/ST/STM32CubeIDE_1.14.0/STM32CubeIDE/plugins/com.st.stm32cube.ide.mcu.externaltools.gnu-tools-for-stm32.12.3.rel1.win32_1.0.200.202406191623/tools/bin/../lib/gcc/arm-none-eabi/12.3.1/../../../../arm-none-eabi/lib/thumb/v7e-m+fp/hard\libc_nano.a(libc_a-fwalk.o)
                              C:/ST/STM32CubeIDE_1.14.0/STM32CubeIDE/plugins/com.st.stm32cube.ide.mcu.externaltools.gnu-tools-for-stm32.12.3.rel1.win32_1.0.200.202406191623/tools/bin/../lib/gcc/arm-none-eabi/12.3.1/../../../../arm-none-eabi/lib/thumb/v7e-m+fp/hard\libc_nano.a(libc_a-findfp.o) (_fwalk_sglue)
C:/ST/STM32CubeIDE_1.14.0/STM32CubeIDE/plugins/com.st.stm32cube.ide.mcu.externaltools.gnu-tools-for-stm32.12.3.rel1.win32_1.0.200.202406191623/tools/bin/../lib/gcc/arm-none-eabi/12.3.1/../../../../arm-none-eabi/lib/thumb/v7e-m+fp/hard\libc_nano.a(libc_a-puts.o)
                              ./Core/Src/main.o (puts)
C:/ST/STM32CubeIDE_1.14.0/STM32CubeIDE/plugins/com.st.stm32cube.ide.mcu.externaltools.gnu-tools-for-stm32.12.3.rel1.win32_1.0.200.202406191623/tools/bin/../lib/gcc/arm-none-eabi/12.3.1/../../../../arm-none-eabi/lib/thumb/v7e-m+fp/hard\libc_nano.a(libc_a-stdio.o)
                              C:/ST/STM32CubeIDE_1.14.0/STM32CubeIDE/plugins/com.st.stm32cube.ide.mcu.externaltools.gnu-tools-for-stm32.12.3.rel1.win32_1.0.200.202406191623/tools/bin/../lib/gcc/arm-none-eabi/12.3.1/../../../../arm-none-eabi/lib/thumb/v7e-m+fp/hard\libc_nano.a(libc_a-findfp.o) (__sread)
C:/ST/STM32CubeIDE_1.14.0/STM32CubeIDE/plugins/com.st.stm32cube.ide.mcu.externaltools.gnu-tools-for-stm32.12.3.rel1.win32_1.0.200.202406191623/tools/bin/../lib/gcc/arm-none-eabi/12.3.1/../../../../arm-none-eabi/lib/thumb/v7e-m+fp/hard\libc_nano.a(libc_a-wbuf.o)
                              C:/ST/STM32CubeIDE_1.14.0/STM32CubeIDE/plugins/com.st.stm32cube.ide.mcu.externaltools.gnu-tools-for-stm32.12.3.rel1.win32_1.0.200.202406191623/tools/bin/../lib/gcc/arm-none-eabi/12.3.1/../../../../arm-none-eabi/lib/thumb/v7e-m+fp/hard\libc_nano.a(libc_a-puts.o) (__swbuf_r)
C:/ST/STM32CubeIDE_1.14.0/STM32CubeIDE/plugins/com.st.stm32cube.ide.mcu.externaltools.gnu-tools-for-stm32.12.3.rel1.win32_1.0.200.202406191623/tools/bin/../lib/gcc/arm-none-eabi/12.3.1/../../../../arm-none-eabi/lib/thumb/v7e-m+fp/hard\libc_nano.a(libc_a-wsetup.o)
                              C:/ST/STM32CubeIDE_1.14.0/STM32CubeIDE/plugins/com.st.stm32cube.ide.mcu.externaltools.gnu-tools-for-stm32.12.3.rel1.win32_1.0.200.202406191623/tools/bin/../lib/gcc/arm-none-eabi/12.3.1/../../../../arm-none-eabi/lib/thumb/v7e-m+fp/hard\libc_nano.a(libc_a-puts.o) (__swsetup_r)
C:/ST/STM32CubeIDE_1.14.0/STM32CubeIDE/plugins/com.st.stm32cube.ide.mcu.externaltools.gnu-tools-for-stm32.12.3.rel1.win32_1.0.200.202406191623/tools/bin/../lib/gcc/arm-none-eabi/12.3.1/../../../../arm-none-eabi/lib/thumb/v7e-m+fp/hard\libc_nano.a(libc_a-memset.o)
[...]
Memory Configuration

Name             Origin             Length             Attributes
RAM              0x20000000         0x00050000         xrw
FLASH            0x08000000         0x00100000         xr
*default*        0x00000000         0xffffffff

Linker script and memory map

LOAD C:/ST/STM32CubeIDE_1.14.0/STM32CubeIDE/plugins/com.st.stm32cube.ide.mcu.externaltools.gnu-tools-for-stm32.12.3.rel1.win32_1.0.200.202406191623/tools/bin/../lib/gcc/arm-none-eabi/12.3.1/thumb/v7e-m+fp/hard/crti.o
LOAD C:/ST/STM32CubeIDE_1.14.0/STM32CubeIDE/plugins/com.st.stm32cube.ide.mcu.externaltools.gnu-tools-for-stm32.12.3.rel1.win32_1.0.200.202406191623/tools/bin/../lib/gcc/arm-none-eabi/12.3.1/thumb/v7e-m+fp/hard/crtbegin.o
LOAD C:/ST/STM32CubeIDE_1.14.0/STM32CubeIDE/plugins/com.st.stm32cube.ide.mcu.externaltools.gnu-tools-for-stm32.12.3.rel1.win32_1.0.200.202406191623/tools/bin/../lib/gcc/arm-none-eabi/12.3.1/../../../../arm-none-eabi/lib/thumb/v7e-m+fp/hard/crt0.o
LOAD ./Core/Src/dma.o
LOAD ./Core/Src/fmc.o
LOAD ./Core/Src/gpio.o
LOAD ./Core/Src/main.o
LOAD ./Core/Src/sai.o
LOAD ./Core/Src/stm32f7xx_hal_msp.o
LOAD ./Core/Src/stm32f7xx_it.o
LOAD ./Core/Src/syscalls.o
LOAD ./Core/Src/sysmem.o
LOAD ./Core/Src/system_stm32f7xx.o
LOAD ./Core/Src/usart.o
LOAD ./Core/Startup/startup_stm32f746nghx.o
LOAD ./Drivers/BSP/Components/adv7533/adv7533.o
LOAD ./Drivers/BSP/Components/dp83848/dp83848.o
LOAD ./Drivers/BSP/Components/exc7200/exc7200.o
LOAD ./Drivers/BSP/Components/ft3x67/ft3x67.o
LOAD ./Drivers/BSP/Components/ft5336/ft5336.o
LOAD ./Drivers/BSP/Components/ft6x06/ft6x06.o
LOAD ./Drivers/BSP/Components/lan8742/lan8742.o
LOAD ./Drivers/BSP/Components/mfxstm32l152/mfxstm32l152.o
LOAD ./Drivers/BSP/Components/nt35510/nt35510.o
LOAD ./Drivers/BSP/Components/otm8009a/otm8009a.o
LOAD ./Drivers/BSP/Components/ov5640/ov5640.o
LOAD ./Drivers/BSP/Components/ov9655/ov9655.o
LOAD ./Drivers/BSP/Components/s5k5cag/s5k5cag.o
LOAD ./Drivers/BSP/Components/st7735/st7735.o
LOAD ./Drivers/BSP/Components/st7789h2/st7789h2.o
LOAD ./Drivers/BSP/Components/stmpe811/stmpe811.o
LOAD ./Drivers/BSP/Components/ts3510/ts3510.o
LOAD ./Drivers/BSP/Components/wm8994/wm8994.o
LOAD ./Drivers/BSP/STM32746G-Discovery/stm32746g_discovery.o
LOAD ./Drivers/BSP/STM32746G-Discovery/stm32746g_discovery_audio.o
LOAD ./Drivers/STM32F7xx_HAL_Driver/Src/stm32f7xx_hal.o
LOAD ./Drivers/STM32F7xx_HAL_Driver/Src/stm32f7xx_hal_cortex.o
LOAD ./Drivers/STM32F7xx_HAL_Driver/Src/stm32f7xx_hal_dma.o
LOAD ./Drivers/STM32F7xx_HAL_Driver/Src/stm32f7xx_hal_dma_ex.o
LOAD ./Drivers/STM32F7xx_HAL_Driver/Src/stm32f7xx_hal_exti.o
LOAD ./Drivers/STM32F7xx_HAL_Driver/Src/stm32f7xx_hal_flash.o
LOAD ./Drivers/STM32F7xx_HAL_Driver/Src/stm32f7xx_hal_flash_ex.o
LOAD ./Drivers/STM32F7xx_HAL_Driver/Src/stm32f7xx_hal_gpio.o
LOAD ./Drivers/STM32F7xx_HAL_Driver/Src/stm32f7xx_hal_i2c.o
LOAD ./Drivers/STM32F7xx_HAL_Driver/Src/stm32f7xx_hal_i2c_ex.o
LOAD ./Drivers/STM32F7xx_HAL_Driver/Src/stm32f7xx_hal_pwr.o
LOAD ./Drivers/STM32F7xx_HAL_Driver/Src/stm32f7xx_hal_pwr_ex.o
LOAD ./Drivers/STM32F7xx_HAL_Driver/Src/stm32f7xx_hal_rcc.o
LOAD ./Drivers/STM32F7xx_HAL_Driver/Src/stm32f7xx_hal_rcc_ex.o
LOAD ./Drivers/STM32F7xx_HAL_Driver/Src/stm32f7xx_hal_sai.o
LOAD ./Drivers/STM32F7xx_HAL_Driver/Src/stm32f7xx_hal_sai_ex.o
LOAD ./Drivers/STM32F7xx_HAL_Driver/Src/stm32f7xx_hal_sdram.o
LOAD ./Drivers/STM32F7xx_HAL_Driver/Src/stm32f7xx_hal_tim.o
LOAD ./Drivers/STM32F7xx_HAL_Driver/Src/stm32f7xx_hal_tim_ex.o
LOAD ./Drivers/STM32F7xx_HAL_Driver/Src/stm32f7xx_hal_uart.o
LOAD ./Drivers/STM32F7xx_HAL_Driver/Src/stm32f7xx_hal_uart_ex.o
LOAD ./Drivers/STM32F7xx_HAL_Driver/Src/stm32f7xx_ll_fmc.o
START GROUP
LOAD C:/ST/STM32CubeIDE_1.14.0/STM32CubeIDE/plugins/com.st.stm32cube.ide.mcu.externaltools.gnu-tools-for-stm32.12.3.rel1.win32_1.0.200.202406191623/tools/bin/../lib/gcc/arm-none-eabi/12.3.1/../../../../arm-none-eabi/lib/thumb/v7e-m+fp/hard\libc_nano.a
LOAD C:/ST/STM32CubeIDE_1.14.0/STM32CubeIDE/plugins/com.st.stm32cube.ide.mcu.externaltools.gnu-tools-for-stm32.12.3.rel1.win32_1.0.200.202406191623/tools/bin/../lib/gcc/arm-none-eabi/12.3.1/../../../../arm-none-eabi/lib/thumb/v7e-m+fp/hard\libm.a
END GROUP
START GROUP
LOAD C:/ST/STM32CubeIDE_1.14.0/STM32CubeIDE/plugins/com.st.stm32cube.ide.mcu.externaltools.gnu-tools-for-stm32.12.3.rel1.win32_1.0.200.202406191623/tools/bin/../lib/gcc/arm-none-eabi/12.3.1/thumb/v7e-m+fp/hard\libgcc.a
LOAD C:/ST/STM32CubeIDE_1.14.0/STM32CubeIDE/plugins/com.st.stm32cube.ide.mcu.externaltools.gnu-tools-for-stm32.12.3.rel1.win32_1.0.200.202406191623/tools/bin/../lib/gcc/arm-none-eabi/12.3.1/../../../../arm-none-eabi/lib/thumb/v7e-m+fp/hard\libc_nano.a
END GROUP
START GROUP
LOAD C:/ST/STM32CubeIDE_1.14.0/STM32CubeIDE/plugins/com.st.stm32cube.ide.mcu.externaltools.gnu-tools-for-stm32.12.3.rel1.win32_1.0.200.202406191623/tools/bin/../lib/gcc/arm-none-eabi/12.3.1/thumb/v7e-m+fp/hard\libgcc.a
LOAD C:/ST/STM32CubeIDE_1.14.0/STM32CubeIDE/plugins/com.st.stm32cube.ide.mcu.externaltools.gnu-tools-for-stm32.12.3.rel1.win32_1.0.200.202406191623/tools/bin/../lib/gcc/arm-none-eabi/12.3.1/../../../../arm-none-eabi/lib/thumb/v7e-m+fp/hard\libc_nano.a
LOAD C:/ST/STM32CubeIDE_1.14.0/STM32CubeIDE/plugins/com.st.stm32cube.ide.mcu.externaltools.gnu-tools-for-stm32.12.3.rel1.win32_1.0.200.202406191623/tools/bin/../lib/gcc/arm-none-eabi/12.3.1/../../../../arm-none-eabi/lib/thumb/v7e-m+fp/hard\libnosys.a
END GROUP
START GROUP
LOAD C:/ST/STM32CubeIDE_1.14.0/STM32CubeIDE/plugins/com.st.stm32cube.ide.mcu.externaltools.gnu-tools-for-stm32.12.3.rel1.win32_1.0.200.202406191623/tools/bin/../lib/gcc/arm-none-eabi/12.3.1/thumb/v7e-m+fp/hard\libgcc.a
LOAD C:/ST/STM32CubeIDE_1.14.0/STM32CubeIDE/plugins/com.st.stm32cube.ide.mcu.externaltools.gnu-tools-for-stm32.12.3.rel1.win32_1.0.200.202406191623/tools/bin/../lib/gcc/arm-none-eabi/12.3.1/../../../../arm-none-eabi/lib/thumb/v7e-m+fp/hard\libc_nano.a
LOAD C:/ST/STM32CubeIDE_1.14.0/STM32CubeIDE/plugins/com.st.stm32cube.ide.mcu.externaltools.gnu-tools-for-stm32.12.3.rel1.win32_1.0.200.202406191623/tools/bin/../lib/gcc/arm-none-eabi/12.3.1/../../../../arm-none-eabi/lib/thumb/v7e-m+fp/hard\libnosys.a
END GROUP
LOAD C:/ST/STM32CubeIDE_1.14.0/STM32CubeIDE/plugins/com.st.stm32cube.ide.mcu.externaltools.gnu-tools-for-stm32.12.3.rel1.win32_1.0.200.202406191623/tools/bin/../lib/gcc/arm-none-eabi/12.3.1/thumb/v7e-m+fp/hard/crtend.o
LOAD C:/ST/STM32CubeIDE_1.14.0/STM32CubeIDE/plugins/com.st.stm32cube.ide.mcu.externaltools.gnu-tools-for-stm32.12.3.rel1.win32_1.0.200.202406191623/tools/bin/../lib/gcc/arm-none-eabi/12.3.1/thumb/v7e-m+fp/hard/crtn.o
                0x20050000                        _estack = (ORIGIN (RAM) + LENGTH (RAM))
                0x00000200                        _Min_Heap_Size = 0x200
                0x00000400                        _Min_Stack_Size = 0x400

.isr_vector     0x08000000      0x1c8
                0x08000000                        . = ALIGN (0x4)
 *(.isr_vector)
 .isr_vector    0x08000000      0x1c8 ./Core/Startup/startup_stm32f746nghx.o
                0x08000000                g_pfnVectors
                0x080001c8                        . = ALIGN (0x4)

.text           0x080001d0     0xb81c
                0x080001d0                        . = ALIGN (0x4)
 *(.text)
 .text          0x080001d0       0x40 C:/ST/STM32CubeIDE_1.14.0/STM32CubeIDE/plugins/com.st.stm32cube.ide.mcu.externaltools.gnu-tools-for-stm32.12.3.rel1.win32_1.0.200.202406191623/tools/bin/../lib/gcc/arm-none-eabi/12.3.1/thumb/v7e-m+fp/hard/crtbegin.o
 .text          0x08000210       0xa0 C:/ST/STM32CubeIDE_1.14.0/STM32CubeIDE/plugins/com.st.stm32cube.ide.mcu.externaltools.gnu-tools-for-stm32.12.3.rel1.win32_1.0.200.202406191623/tools/bin/../lib/gcc/arm-none-eabi/12.3.1/../../../../arm-none-eabi/lib/thumb/v7e-m+fp/hard\libc_nano.a(libc_a-memchr.o)
                0x08000210                memchr
 .text          0x080002b0       0x10 C:/ST/STM32CubeIDE_1.14.0/STM32CubeIDE/plugins/com.st.stm32cube.ide.mcu.externaltools.gnu-tools-for-stm32.12.3.rel1.win32_1.0.200.202406191623/tools/bin/../lib/gcc/arm-none-eabi/12.3.1/../../../../arm-none-eabi/lib/thumb/v7e-m+fp/hard\libc_nano.a(libc_a-strlen.o)
                0x080002b0                strlen
 .text          0x080002c0      0x378 C:/ST/STM32CubeIDE_1.14.0/STM32CubeIDE/plugins/com.st.stm32cube.ide.mcu.externaltools.gnu-tools-for-stm32.12.3.rel1.win32_1.0.200.202406191623/tools/bin/../lib/gcc/arm-none-eabi/12.3.1/thumb/v7e-m+fp/hard\libgcc.a(_arm_addsubdf3.o)
                0x080002c0                __aeabi_drsub
                0x080002c8                __aeabi_dsub
                0x080002c8                __subdf3
                0x080002cc                __aeabi_dadd
                0x080002cc                __adddf3
                0x08000544                __floatunsidf
                0x08000544                __aeabi_ui2d
                0x08000564                __floatsidf
                0x08000564                __aeabi_i2d
                0x08000588                __aeabi_f2d
                0x08000588                __extendsfdf2
                0x080005cc                __floatundidf
                0x080005cc                __aeabi_ul2d
                0x080005dc                __floatdidf
                0x080005dc                __aeabi_l2d
 .text          0x08000638      0x424 C:/ST/STM32CubeIDE_1.14.0/STM32CubeIDE/plugins/com.st.stm32cube.ide.mcu.externaltools.gnu-tools-for-stm32.12.3.rel1.win32_1.0.200.202406191623/tools/bin/../lib/gcc/arm-none-eabi/12.3.1/thumb/v7e-m+fp/hard\libgcc.a(_arm_muldivdf3.o)
                0x08000638                __aeabi_dmul
                0x08000638                __muldf3
                0x0800088c                __divdf3
                0x0800088c                __aeabi_ddiv
 .text          0x08000a5c      0x110 C:/ST/STM32CubeIDE_1.14.0/STM32CubeIDE/plugins/com.st.stm32cube.ide.mcu.externaltools.gnu-tools-for-stm32.12.3.rel1.win32_1.0.200.202406191623/tools/bin/../lib/gcc/arm-none-eabi/12.3.1/thumb/v7e-m+fp/hard\libgcc.a(_arm_cmpdf2.o)
                0x08000a5c                __gtdf2
                0x08000a5c                __gedf2
                0x08000a64                __ltdf2
                0x08000a64                __ledf2
                0x08000a6c                __nedf2
                0x08000a6c                __eqdf2
                0x08000a6c                __cmpdf2
                0x08000ae8                __aeabi_cdrcmple
                0x08000af8                __aeabi_cdcmpeq
                0x08000af8                __aeabi_cdcmple
                0x08000b08                __aeabi_dcmpeq
                0x08000b1c                __aeabi_dcmplt
                0x08000b30                __aeabi_dcmple
                0x08000b44                __aeabi_dcmpge
                0x08000b58                __aeabi_dcmpgt
 .text          0x08000b6c       0x2c C:/ST/STM32CubeIDE_1.14.0/STM32CubeIDE/plugins/com.st.stm32cube.ide.mcu.externaltools.gnu-tools-for-stm32.12.3.rel1.win32_1.0.200.202406191623/tools/bin/../lib/gcc/arm-none-eabi/12.3.1/thumb/v7e-m+fp/hard\libgcc.a(_arm_unorddf2.o)
                0x08000b6c                __unorddf2
                0x08000b6c                __aeabi_dcmpun
 .text          0x08000b98       0x50 C:/ST/STM32CubeIDE_1.14.0/STM32CubeIDE/plugins/com.st.stm32cube.ide.mcu.externaltools.gnu-tools-for-stm32.12.3.rel1.win32_1.0.200.202406191623/tools/bin/../lib/gcc/arm-none-eabi/12.3.1/thumb/v7e-m+fp/hard\libgcc.a(_arm_fixdfsi.o)
                0x08000b98                __aeabi_d2iz
                0x08000b98                __fixdfsi
 .text          0x08000be8       0x30 C:/ST/STM32CubeIDE_1.14.0/STM32CubeIDE/plugins/com.st.stm32cube.ide.mcu.externaltools.gnu-tools-for-stm32.12.3.rel1.win32_1.0.200.202406191623/tools/bin/../lib/gcc/arm-none-eabi/12.3.1/thumb/v7e-m+fp/hard\libgcc.a(_aeabi_uldivmod.o)
                0x08000be8                __aeabi_uldivmod
 .text          0x08000c18      0x2bc C:/ST/STM32CubeIDE_1.14.0/STM32CubeIDE/plugins/com.st.stm32cube.ide.mcu.externaltools.gnu-tools-for-stm32.12.3.rel1.win32_1.0.200.202406191623/tools/bin/../lib/gcc/arm-none-eabi/12.3.1/thumb/v7e-m+fp/hard\libgcc.a(_udivmoddi4.o)
                0x08000c18                __udivmoddi4
 .text          0x08000ed4        0x4 C:/ST/STM32CubeIDE_1.14.0/STM32CubeIDE/plugins/com.st.stm32cube.ide.mcu.externaltools.gnu-tools-for-stm32.12.3.rel1.win32_1.0.200.202406191623/tools/bin/../lib/gcc/arm-none-eabi/12.3.1/thumb/v7e-m+fp/hard\libgcc.a(_dvmd_tls.o)
                0x08000ed4                __aeabi_idiv0
                0x08000ed4                __aeabi_ldiv0
 *(.text*)
 .text.MX_DMA_Init
                0x08000ed8       0x3c ./Core/Src/dma.o
                0x08000ed8                MX_DMA_Init
 .text.MX_FMC_Init
                0x08000f14       0xa4 ./Core/Src/fmc.o
                0x08000f14                MX_FMC_Init
 .text.HAL_FMC_MspInit
                0x08000fb8      0x124 ./Core/Src/fmc.o
 .text.HAL_SDRAM_MspInit
                0x080010dc       0x14 ./Core/Src/fmc.o
                0x080010dc                HAL_SDRAM_MspInit
 .text.MX_GPIO_Init
                0x080010f0      0x29c ./Core/Src/gpio.o
                0x080010f0                MX_GPIO_Init
 .text.SCB_CleanDCache_by_Addr
                0x0800138c       0x58 ./Core/Src/main.o
 .text.main     0x080013e4      0x188 ./Core/Src/main.o
                0x080013e4                main
 .text.SystemClock_Config
                0x0800156c       0xdc ./Core/Src/main.o
                0x0800156c                SystemClock_Config
 .text.__io_putchar
                0x08001648       0x24 ./Core/Src/main.o
                0x08001648                __io_putchar
 .text.AUDIO_Start
                0x0800166c       0x78 ./Core/Src/main.o
                0x0800166c                AUDIO_Start
 .text.GetData  0x080016e4       0x5c ./Core/Src/main.o
 .text.HAL_GPIO_EXTI_Callback
                0x08001740       0x38 ./Core/Src/main.o
                0x08001740                HAL_GPIO_EXTI_Callback
 .text.BSP_AUDIO_OUT_TransferComplete_CallBack
                0x08001778       0x28 ./Core/Src/main.o
                0x08001778                BSP_AUDIO_OUT_TransferComplete_CallBack
 .text.BSP_AUDIO_OUT_HalfTransfer_CallBack
                0x080017a0       0x28 ./Core/Src/main.o
                0x080017a0                BSP_AUDIO_OUT_HalfTransfer_CallBack
 .text.BSP_AUDIO_IN_TransferComplete_CallBack
                0x080017c8       0x1c ./Core/Src/main.o
                0x080017c8                BSP_AUDIO_IN_TransferComplete_CallBack
 .text.BSP_AUDIO_IN_HalfTransfer_CallBack
                0x080017e4       0x1c ./Core/Src/main.o
                0x080017e4                BSP_AUDIO_IN_HalfTransfer_CallBack
 .text.BSP_AUDIO_IN_Error_CallBack
                0x08001800       0x20 ./Core/Src/main.o
                0x08001800                BSP_AUDIO_IN_Error_CallBack
 .text.check_button_release
                0x08001820       0x28 ./Core/Src/main.o
                0x08001820                check_button_release
 .text.Error_Handler
                0x08001848        0xc ./Core/Src/main.o
                0x08001848                Error_Handler
 .text.MX_SAI1_Init
                0x08001854       0xac ./Core/Src/sai.o
                0x08001854                MX_SAI1_Init
 .text.HAL_SAI_MspInit
                0x08001900      0x150 ./Core/Src/sai.o
                0x08001900                HAL_SAI_MspInit
 .text.HAL_SAI_MspDeInit
                0x08001a50       0x6c ./Core/Src/sai.o
                0x08001a50                HAL_SAI_MspDeInit
 .text.HAL_MspInit
                0x08001abc       0x48 ./Core/Src/stm32f7xx_hal_msp.o
                0x08001abc                HAL_MspInit
 .text.NMI_Handler
                0x08001b04        0x8 ./Core/Src/stm32f7xx_it.o
                0x08001b04                NMI_Handler
 .text.HardFault_Handler
                0x08001b0c        0x8 ./Core/Src/stm32f7xx_it.o
                0x08001b0c                HardFault_Handler
 .text.MemManage_Handler
                0x08001b14        0x8 ./Core/Src/stm32f7xx_it.o
                0x08001b14                MemManage_Handler
 .text.BusFault_Handler
                0x08001b1c        0x8 ./Core/Src/stm32f7xx_it.o
                0x08001b1c                BusFault_Handler
 .text.UsageFault_Handler
                0x08001b24        0x8 ./Core/Src/stm32f7xx_it.o
                0x08001b24                UsageFault_Handler
 .text.SVC_Handler
                0x08001b2c        0xe ./Core/Src/stm32f7xx_it.o
                0x08001b2c                SVC_Handler
 .text.DebugMon_Handler
                0x08001b3a        0xe ./Core/Src/stm32f7xx_it.o
                0x08001b3a                DebugMon_Handler
 .text.PendSV_Handler
                0x08001b48        0xe ./Core/Src/stm32f7xx_it.o
                0x08001b48                PendSV_Handler
 .text.SysTick_Handler
                0x08001b56        0xc ./Core/Src/stm32f7xx_it.o
                0x08001b56                SysTick_Handler
 .text.EXTI15_10_IRQHandler
                0x08001b62       0x10 ./Core/Src/stm32f7xx_it.o
                0x08001b62                EXTI15_10_IRQHandler
 *fill*         0x08001b72        0x2 
 .text.DMA2_Stream1_IRQHandler
                0x08001b74       0x14 ./Core/Src/stm32f7xx_it.o
                0x08001b74                DMA2_Stream1_IRQHandler
 .text.SAI1_IRQHandler
                0x08001b88       0x14 ./Core/Src/stm32f7xx_it.o
                0x08001b88                SAI1_IRQHandler
 .text._getpid  0x08001b9c       0x10 ./Core/Src/syscalls.o
                0x08001b9c                _getpid
 .text._kill    0x08001bac       0x20 ./Core/Src/syscalls.o
                0x08001bac                _kill
 .text._exit    0x08001bcc       0x16 ./Core/Src/syscalls.o
                0x08001bcc                _exit
 .text._read    0x08001be2       0x3a ./Core/Src/syscalls.o
                0x08001be2                _read
 .text._write   0x08001c1c       0x38 ./Core/Src/syscalls.o
                0x08001c1c                _write
 .text._close   0x08001c54       0x18 ./Core/Src/syscalls.o
                0x08001c54                _close
 .text._fstat   0x08001c6c       0x20 ./Core/Src/syscalls.o
                0x08001c6c                _fstat
 .text._isatty  0x08001c8c       0x16 ./Core/Src/syscalls.o
                0x08001c8c                _isatty
 .text._lseek   0x08001ca2       0x1a ./Core/Src/syscalls.o
                0x08001ca2                _lseek
 .text._sbrk    0x08001cbc       0x6c ./Core/Src/sysmem.o
                0x08001cbc                _sbrk
 .text.SystemInit
                0x08001d28       0x24 ./Core/Src/system_stm32f7xx.o
                0x08001d28                SystemInit
 .text.MX_USART1_UART_Init
                0x08001d4c       0x60 ./Core/Src/usart.o
                0x08001d4c                MX_USART1_UART_Init
 .text.HAL_UART_MspInit
                0x08001dac      0x104 ./Core/Src/usart.o
                0x08001dac                HAL_UART_MspInit
 .text.Reset_Handler
                0x08001eb0       0x50 ./Core/Startup/startup_stm32f746nghx.o
                0x08001eb0                Reset_Handler
 .text.Default_Handler
                0x08001f00        0x2 ./Core/Startup/startup_stm32f746nghx.o
                0x08001f00                RTC_Alarm_IRQHandler
                0x08001f00                EXTI2_IRQHandler
                0x08001f00                TIM8_CC_IRQHandler
                0x08001f00                UART8_IRQHandler
                0x08001f00                SPI4_IRQHandler
                0x08001f00                TIM1_CC_IRQHandler
                0x08001f00                DMA2_Stream5_IRQHandler
                0x08001f00                DMA1_Stream5_IRQHandler
                0x08001f00                PVD_IRQHandler
                0x08001f00                TAMP_STAMP_IRQHandler
                0x08001f00                CAN2_RX1_IRQHandler
                0x08001f00                EXTI3_IRQHandler
                0x08001f00                TIM8_TRG_COM_TIM14_IRQHandler
                0x08001f00                TIM1_UP_TIM10_IRQHandler
                0x08001f00                TIM8_UP_TIM13_IRQHandler
                0x08001f00                I2C3_ER_IRQHandler
                0x08001f00                EXTI0_IRQHandler
                0x08001f00                I2C2_EV_IRQHandler
                0x08001f00                DMA1_Stream2_IRQHandler
                0x08001f00                CAN1_RX0_IRQHandler
                0x08001f00                FPU_IRQHandler
                0x08001f00                OTG_HS_WKUP_IRQHandler
                0x08001f00                LTDC_ER_IRQHandler
                0x08001f00                CAN2_SCE_IRQHandler
                0x08001f00                DMA2_Stream2_IRQHandler
                0x08001f00                SPI1_IRQHandler
                0x08001f00                TIM6_DAC_IRQHandler
                0x08001f00                TIM1_BRK_TIM9_IRQHandler
                0x08001f00                DCMI_IRQHandler
                0x08001f00                CAN2_RX0_IRQHandler
                0x08001f00                DMA2_Stream3_IRQHandler
                0x08001f00                SAI2_IRQHandler
                0x08001f00                USART6_IRQHandler
                0x08001f00                USART3_IRQHandler
                0x08001f00                CAN1_RX1_IRQHandler
                0x08001f00                UART5_IRQHandler
                0x08001f00                DMA2_Stream0_IRQHandler
                0x08001f00                TIM4_IRQHandler
                0x08001f00                QUADSPI_IRQHandler
                0x08001f00                I2C1_EV_IRQHandler
                0x08001f00                DMA1_Stream6_IRQHandler
                0x08001f00                DMA1_Stream1_IRQHandler
                0x08001f00                UART4_IRQHandler
                0x08001f00                TIM3_IRQHandler
                0x08001f00                RCC_IRQHandler
                0x08001f00                TIM8_BRK_TIM12_IRQHandler
                0x08001f00                Default_Handler
                0x08001f00                CEC_IRQHandler
                0x08001f00                ADC_IRQHandler
                0x08001f00                DMA1_Stream7_IRQHandler
                0x08001f00                SPI5_IRQHandler
                0x08001f00                TIM7_IRQHandler
                0x08001f00                SDMMC1_IRQHandler
                0x08001f00                CAN2_TX_IRQHandler
                0x08001f00                TIM5_IRQHandler
                0x08001f00                DMA2_Stream7_IRQHandler
                0x08001f00                I2C3_EV_IRQHandler
                0x08001f00                EXTI9_5_IRQHandler
                0x08001f00                RTC_WKUP_IRQHandler
                0x08001f00                LTDC_IRQHandler
                0x08001f00                ETH_WKUP_IRQHandler
                0x08001f00                SPDIF_RX_IRQHandler
                0x08001f00                SPI2_IRQHandler
                0x08001f00                OTG_HS_EP1_IN_IRQHandler
                0x08001f00                DMA1_Stream0_IRQHandler
                0x08001f00                CAN1_TX_IRQHandler
                0x08001f00                EXTI4_IRQHandler
                0x08001f00                RNG_IRQHandler
                0x08001f00                ETH_IRQHandler
                0x08001f00                OTG_HS_EP1_OUT_IRQHandler
                0x08001f00                WWDG_IRQHandler
                0x08001f00                SPI6_IRQHandler
                0x08001f00                I2C4_EV_IRQHandler
                0x08001f00                TIM2_IRQHandler
                0x08001f00                OTG_FS_WKUP_IRQHandler
                0x08001f00                TIM1_TRG_COM_TIM11_IRQHandler
                0x08001f00                OTG_HS_IRQHandler
                0x08001f00                DMA2D_IRQHandler
                0x08001f00                EXTI1_IRQHandler
                0x08001f00                UART7_IRQHandler
                0x08001f00                USART2_IRQHandler
                0x08001f00                I2C2_ER_IRQHandler
                0x08001f00                CAN1_SCE_IRQHandler
                0x08001f00                FLASH_IRQHandler
                0x08001f00                DMA2_Stream4_IRQHandler
                0x08001f00                USART1_IRQHandler
                0x08001f00                OTG_FS_IRQHandler
                0x08001f00                SPI3_IRQHandler
                0x08001f00                DMA1_Stream4_IRQHandler
                0x08001f00                I2C1_ER_IRQHandler
                0x08001f00                FMC_IRQHandler
                0x08001f00                LPTIM1_IRQHandler
                0x08001f00                I2C4_ER_IRQHandler
                0x08001f00                DMA2_Stream6_IRQHandler
                0x08001f00                DMA1_Stream3_IRQHandler
 *fill*         0x08001f02        0x2 
 .text.wm8994_Init
                0x08001f04      0xd78 ./Drivers/BSP/Components/wm8994/wm8994.o
                0x08001f04                wm8994_Init
 .text.wm8994_DeInit
                0x08002c7c        0xc ./Drivers/BSP/Components/wm8994/wm8994.o
                0x08002c7c                wm8994_DeInit
 .text.wm8994_ReadID
                0x08002c88       0x24 ./Drivers/BSP/Components/wm8994/wm8994.o
                0x08002c88                wm8994_ReadID
 .text.wm8994_Play
                0x08002cac       0x30 ./Drivers/BSP/Components/wm8994/wm8994.o
                0x08002cac                wm8994_Play
 .text.wm8994_Pause
                0x08002cdc       0x42 ./Drivers/BSP/Components/wm8994/wm8994.o
                0x08002cdc                wm8994_Pause
 .text.wm8994_Resume
                0x08002d1e       0x2a ./Drivers/BSP/Components/wm8994/wm8994.o
                0x08002d1e                wm8994_Resume
 .text.wm8994_Stop
                0x08002d48       0xdc ./Drivers/BSP/Components/wm8994/wm8994.o
                0x08002d48                wm8994_Stop
 .text.wm8994_SetVolume
                0x08002e24      0x248 ./Drivers/BSP/Components/wm8994/wm8994.o
                0x08002e24                wm8994_SetVolume
 .text.wm8994_SetMute
                0x0800306c       0x9c ./Drivers/BSP/Components/wm8994/wm8994.o
                0x0800306c                wm8994_SetMute
 .text.wm8994_SetOutputMode
                0x08003108      0x246 ./Drivers/BSP/Components/wm8994/wm8994.o
                0x08003108                wm8994_SetOutputMode
 *fill*         0x0800334e        0x2 
 .text.wm8994_SetFrequency
                0x08003350      0x1a8 ./Drivers/BSP/Components/wm8994/wm8994.o
                0x08003350                wm8994_SetFrequency
 .text.wm8994_Reset
                0x080034f8       0x40 ./Drivers/BSP/Components/wm8994/wm8994.o
                0x080034f8                wm8994_Reset
 .text.CODEC_IO_Write
                0x08003538       0x2e ./Drivers/BSP/Components/wm8994/wm8994.o
 *fill*         0x08003566        0x2 
 .text.BSP_PB_GetState
                0x08003568       0x34 ./Drivers/BSP/STM32746G-Discovery/stm32746g_discovery.o
                0x08003568                BSP_PB_GetState
 .text.I2Cx_MspInit
                0x0800359c      0x160 ./Drivers/BSP/STM32746G-Discovery/stm32746g_discovery.o
 .text.I2Cx_Init
                0x080036fc       0x78 ./Drivers/BSP/STM32746G-Discovery/stm32746g_discovery.o
 .text.I2Cx_ReadMultiple
                0x08003774       0x5a ./Drivers/BSP/STM32746G-Discovery/stm32746g_discovery.o
 .text.I2Cx_WriteMultiple
                0x080037ce       0x5a ./Drivers/BSP/STM32746G-Discovery/stm32746g_discovery.o
 .text.I2Cx_Error
                0x08003828       0x20 ./Drivers/BSP/STM32746G-Discovery/stm32746g_discovery.o
 .text.AUDIO_IO_Init
                0x08003848       0x14 ./Drivers/BSP/STM32746G-Discovery/stm32746g_discovery.o
                0x08003848                AUDIO_IO_Init
 .text.AUDIO_IO_DeInit
                0x0800385c        0xe ./Drivers/BSP/STM32746G-Discovery/stm32746g_discovery.o
                0x0800385c                AUDIO_IO_DeInit
 *fill*         0x0800386a        0x2 
 .text.AUDIO_IO_Write
                0x0800386c       0x54 ./Drivers/BSP/STM32746G-Discovery/stm32746g_discovery.o
                0x0800386c                AUDIO_IO_Write
 .text.AUDIO_IO_Read
                0x080038c0       0x58 ./Drivers/BSP/STM32746G-Discovery/stm32746g_discovery.o
                0x080038c0                AUDIO_IO_Read
 .text.AUDIO_IO_Delay
                0x08003918       0x16 ./Drivers/BSP/STM32746G-Discovery/stm32746g_discovery.o
                0x08003918                AUDIO_IO_Delay
 *fill*         0x0800392e        0x2 
 .text.BSP_AUDIO_OUT_Init
                0x08003930       0xa4 ./Drivers/BSP/STM32746G-Discovery/stm32746g_discovery_audio.o
                0x08003930                BSP_AUDIO_OUT_Init
 .text.BSP_AUDIO_OUT_Play
                0x080039d4       0x54 ./Drivers/BSP/STM32746G-Discovery/stm32746g_discovery_audio.o
                0x080039d4                BSP_AUDIO_OUT_Play
 .text.BSP_AUDIO_OUT_Stop
                0x08003a28       0x44 ./Drivers/BSP/STM32746G-Discovery/stm32746g_discovery_audio.o
                0x08003a28                BSP_AUDIO_OUT_Stop
 .text.BSP_AUDIO_OUT_SetAudioFrameSlot
                0x08003a6c       0x40 ./Drivers/BSP/STM32746G-Discovery/stm32746g_discovery_audio.o
                0x08003a6c                BSP_AUDIO_OUT_SetAudioFrameSlot
 .text.HAL_SAI_TxCpltCallback
                0x08003aac       0x14 ./Drivers/BSP/STM32746G-Discovery/stm32746g_discovery_audio.o
                0x08003aac                HAL_SAI_TxCpltCallback
 .text.HAL_SAI_TxHalfCpltCallback
                0x08003ac0       0x14 ./Drivers/BSP/STM32746G-Discovery/stm32746g_discovery_audio.o
                0x08003ac0                HAL_SAI_TxHalfCpltCallback
 .text.HAL_SAI_ErrorCallback
                0x08003ad4       0x4c ./Drivers/BSP/STM32746G-Discovery/stm32746g_discovery_audio.o
                0x08003ad4                HAL_SAI_ErrorCallback
 .text.BSP_AUDIO_OUT_Error_CallBack
                0x08003b20        0xe ./Drivers/BSP/STM32746G-Discovery/stm32746g_discovery_audio.o
                0x08003b20                BSP_AUDIO_OUT_Error_CallBack
 *fill*         0x08003b2e        0x2 
 .text.BSP_AUDIO_OUT_MspInit
                0x08003b30      0x1ac ./Drivers/BSP/STM32746G-Discovery/stm32746g_discovery_audio.o
                0x08003b30                BSP_AUDIO_OUT_MspInit
 .text.BSP_AUDIO_OUT_ClockConfig
                0x08003cdc       0x88 ./Drivers/BSP/STM32746G-Discovery/stm32746g_discovery_audio.o
                0x08003cdc                BSP_AUDIO_OUT_ClockConfig
 .text.SAIx_Out_Init
                0x08003d64       0xbc ./Drivers/BSP/STM32746G-Discovery/stm32746g_discovery_audio.o
 .text.SAIx_Out_DeInit
                0x08003e20       0x2c ./Drivers/BSP/STM32746G-Discovery/stm32746g_discovery_audio.o
 .text.BSP_AUDIO_IN_Init
                0x08003e4c       0x24 ./Drivers/BSP/STM32746G-Discovery/stm32746g_discovery_audio.o
                0x08003e4c                BSP_AUDIO_IN_Init
 .text.BSP_AUDIO_IN_InitEx
                0x08003e70       0xd8 ./Drivers/BSP/STM32746G-Discovery/stm32746g_discovery_audio.o
                0x08003e70                BSP_AUDIO_IN_InitEx
 .text.BSP_AUDIO_IN_Record
                0x08003f48       0x30 ./Drivers/BSP/STM32746G-Discovery/stm32746g_discovery_audio.o
                0x08003f48                BSP_AUDIO_IN_Record
 .text.BSP_AUDIO_IN_Stop
                0x08003f78       0x44 ./Drivers/BSP/STM32746G-Discovery/stm32746g_discovery_audio.o
                0x08003f78                BSP_AUDIO_IN_Stop
 .text.HAL_SAI_RxCpltCallback
                0x08003fbc       0x14 ./Drivers/BSP/STM32746G-Discovery/stm32746g_discovery_audio.o
                0x08003fbc                HAL_SAI_RxCpltCallback
 .text.HAL_SAI_RxHalfCpltCallback
                0x08003fd0       0x14 ./Drivers/BSP/STM32746G-Discovery/stm32746g_discovery_audio.o
                0x08003fd0                HAL_SAI_RxHalfCpltCallback
 .text.BSP_AUDIO_IN_MspInit
                0x08003fe4      0x164 ./Drivers/BSP/STM32746G-Discovery/stm32746g_discovery_audio.o
                0x08003fe4                BSP_AUDIO_IN_MspInit
 .text.SAIx_In_Init
                0x08004148      0x16c ./Drivers/BSP/STM32746G-Discovery/stm32746g_discovery_audio.o
 .text.SAIx_In_DeInit
                0x080042b4       0x2c ./Drivers/BSP/STM32746G-Discovery/stm32746g_discovery_audio.o
 .text.HAL_Init
                0x080042e0       0x1a ./Drivers/STM32F7xx_HAL_Driver/Src/stm32f7xx_hal.o
                0x080042e0                HAL_Init
 *fill*         0x080042fa        0x2 
 .text.HAL_InitTick
                0x080042fc       0x60 ./Drivers/STM32F7xx_HAL_Driver/Src/stm32f7xx_hal.o
                0x080042fc                HAL_InitTick
 .text.HAL_IncTick
                0x0800435c       0x28 ./Drivers/STM32F7xx_HAL_Driver/Src/stm32f7xx_hal.o
                0x0800435c                HAL_IncTick
 .text.HAL_GetTick
                0x08004384       0x18 ./Drivers/STM32F7xx_HAL_Driver/Src/stm32f7xx_hal.o
                0x08004384                HAL_GetTick
 .text.HAL_Delay
                0x0800439c       0x48 ./Drivers/STM32F7xx_HAL_Driver/Src/stm32f7xx_hal.o
                0x0800439c                HAL_Delay
 .text.__NVIC_SetPriorityGrouping
                0x080043e4       0x48 ./Drivers/STM32F7xx_HAL_Driver/Src/stm32f7xx_hal_cortex.o
 .text.__NVIC_GetPriorityGrouping
                0x0800442c       0x1c ./Drivers/STM32F7xx_HAL_Driver/Src/stm32f7xx_hal_cortex.o
 .text.__NVIC_EnableIRQ
                0x08004448       0x3c ./Drivers/STM32F7xx_HAL_Driver/Src/stm32f7xx_hal_cortex.o
 .text.__NVIC_DisableIRQ
                0x08004484       0x48 ./Drivers/STM32F7xx_HAL_Driver/Src/stm32f7xx_hal_cortex.o
 .text.__NVIC_SetPriority
                0x080044cc       0x54 ./Drivers/STM32F7xx_HAL_Driver/Src/stm32f7xx_hal_cortex.o
 .text.NVIC_EncodePriority
                0x08004520       0x66 ./Drivers/STM32F7xx_HAL_Driver/Src/stm32f7xx_hal_cortex.o
 *fill*         0x08004586        0x2 
 .text.SysTick_Config
                0x08004588       0x44 ./Drivers/STM32F7xx_HAL_Driver/Src/stm32f7xx_hal_cortex.o
 .text.HAL_NVIC_SetPriorityGrouping
                0x080045cc       0x16 ./Drivers/STM32F7xx_HAL_Driver/Src/stm32f7xx_hal_cortex.o
                0x080045cc                HAL_NVIC_SetPriorityGrouping
 .text.HAL_NVIC_SetPriority
                0x080045e2       0x38 ./Drivers/STM32F7xx_HAL_Driver/Src/stm32f7xx_hal_cortex.o
                0x080045e2                HAL_NVIC_SetPriority
 .text.HAL_NVIC_EnableIRQ
                0x0800461a       0x1c ./Drivers/STM32F7xx_HAL_Driver/Src/stm32f7xx_hal_cortex.o
                0x0800461a                HAL_NVIC_EnableIRQ
 .text.HAL_NVIC_DisableIRQ
                0x08004636       0x1c ./Drivers/STM32F7xx_HAL_Driver/Src/stm32f7xx_hal_cortex.o
                0x08004636                HAL_NVIC_DisableIRQ
 .text.HAL_SYSTICK_Config
                0x08004652       0x18 ./Drivers/STM32F7xx_HAL_Driver/Src/stm32f7xx_hal_cortex.o
                0x08004652                HAL_SYSTICK_Config
 *fill*         0x0800466a        0x2 
 .text.HAL_DMA_Init
                0x0800466c      0x15c ./Drivers/STM32F7xx_HAL_Driver/Src/stm32f7xx_hal_dma.o
                0x0800466c                HAL_DMA_Init
 .text.HAL_DMA_DeInit
                0x080047c8       0xbc ./Drivers/STM32F7xx_HAL_Driver/Src/stm32f7xx_hal_dma.o
                0x080047c8                HAL_DMA_DeInit
 .text.HAL_DMA_Start_IT
                0x08004884       0xc0 ./Drivers/STM32F7xx_HAL_Driver/Src/stm32f7xx_hal_dma.o
                0x08004884                HAL_DMA_Start_IT
 .text.HAL_DMA_Abort
                0x08004944       0xe0 ./Drivers/STM32F7xx_HAL_Driver/Src/stm32f7xx_hal_dma.o
                0x08004944                HAL_DMA_Abort
 .text.HAL_DMA_Abort_IT
                0x08004a24       0x44 ./Drivers/STM32F7xx_HAL_Driver/Src/stm32f7xx_hal_dma.o
                0x08004a24                HAL_DMA_Abort_IT
 .text.HAL_DMA_IRQHandler
                0x08004a68      0x314 ./Drivers/STM32F7xx_HAL_Driver/Src/stm32f7xx_hal_dma.o
                0x08004a68                HAL_DMA_IRQHandler
 .text.DMA_SetConfig
                0x08004d7c       0x5c ./Drivers/STM32F7xx_HAL_Driver/Src/stm32f7xx_hal_dma.o
 .text.DMA_CalcBaseAndBitshift
                0x08004dd8       0x6c ./Drivers/STM32F7xx_HAL_Driver/Src/stm32f7xx_hal_dma.o
 .text.DMA_CheckFifoParam
                0x08004e44       0xf8 ./Drivers/STM32F7xx_HAL_Driver/Src/stm32f7xx_hal_dma.o
 .text.HAL_GPIO_Init
                0x08004f3c      0x358 ./Drivers/STM32F7xx_HAL_Driver/Src/stm32f7xx_hal_gpio.o
                0x08004f3c                HAL_GPIO_Init
 .text.HAL_GPIO_DeInit
                0x08005294      0x218 ./Drivers/STM32F7xx_HAL_Driver/Src/stm32f7xx_hal_gpio.o
                0x08005294                HAL_GPIO_DeInit
 .text.HAL_GPIO_ReadPin
                0x080054ac       0x30 ./Drivers/STM32F7xx_HAL_Driver/Src/stm32f7xx_hal_gpio.o
                0x080054ac                HAL_GPIO_ReadPin
 .text.HAL_GPIO_EXTI_IRQHandler
                0x080054dc       0x30 ./Drivers/STM32F7xx_HAL_Driver/Src/stm32f7xx_hal_gpio.o
                0x080054dc                HAL_GPIO_EXTI_IRQHandler
 .text.HAL_I2C_Init
                0x0800550c      0x138 ./Drivers/STM32F7xx_HAL_Driver/Src/stm32f7xx_hal_i2c.o
                0x0800550c                HAL_I2C_Init
 .text.HAL_I2C_DeInit
                0x08005644       0x5e ./Drivers/STM32F7xx_HAL_Driver/Src/stm32f7xx_hal_i2c.o
                0x08005644                HAL_I2C_DeInit
 .text.HAL_I2C_MspInit
                0x080056a2       0x14 ./Drivers/STM32F7xx_HAL_Driver/Src/stm32f7xx_hal_i2c.o
                0x080056a2                HAL_I2C_MspInit
 .text.HAL_I2C_MspDeInit
                0x080056b6       0x14 ./Drivers/STM32F7xx_HAL_Driver/Src/stm32f7xx_hal_i2c.o
                0x080056b6                HAL_I2C_MspDeInit
 *fill*         0x080056ca        0x2 
 .text.HAL_I2C_Mem_Write
                0x080056cc      0x228 ./Drivers/STM32F7xx_HAL_Driver/Src/stm32f7xx_hal_i2c.o
                0x080056cc                HAL_I2C_Mem_Write
 .text.HAL_I2C_Mem_Read
                0x080058f4      0x234 ./Drivers/STM32F7xx_HAL_Driver/Src/stm32f7xx_hal_i2c.o
                0x080058f4                HAL_I2C_Mem_Read
 .text.HAL_I2C_GetState
                0x08005b28       0x1c ./Drivers/STM32F7xx_HAL_Driver/Src/stm32f7xx_hal_i2c.o
                0x08005b28                HAL_I2C_GetState
 .text.I2C_RequestMemoryWrite
                0x08005b44       0xa8 ./Drivers/STM32F7xx_HAL_Driver/Src/stm32f7xx_hal_i2c.o
 .text.I2C_RequestMemoryRead
                0x08005bec       0xa8 ./Drivers/STM32F7xx_HAL_Driver/Src/stm32f7xx_hal_i2c.o
 .text.I2C_Flush_TXDR
                0x08005c94       0x48 ./Drivers/STM32F7xx_HAL_Driver/Src/stm32f7xx_hal_i2c.o
 .text.I2C_WaitOnFlagUntilTimeout
                0x08005cdc       0xb2 ./Drivers/STM32F7xx_HAL_Driver/Src/stm32f7xx_hal_i2c.o
 .text.I2C_WaitOnTXISFlagUntilTimeout
                0x08005d8e       0x8e ./Drivers/STM32F7xx_HAL_Driver/Src/stm32f7xx_hal_i2c.o
 .text.I2C_WaitOnSTOPFlagUntilTimeout
                0x08005e1c       0x86 ./Drivers/STM32F7xx_HAL_Driver/Src/stm32f7xx_hal_i2c.o
 *fill*         0x08005ea2        0x2 
 .text.I2C_IsErrorOccurred
                0x08005ea4      0x1c0 ./Drivers/STM32F7xx_HAL_Driver/Src/stm32f7xx_hal_i2c.o
 .text.I2C_TransferConfig
                0x08006064       0x64 ./Drivers/STM32F7xx_HAL_Driver/Src/stm32f7xx_hal_i2c.o
 .text.HAL_PWREx_EnableOverDrive
                0x080060c8       0xa0 ./Drivers/STM32F7xx_HAL_Driver/Src/stm32f7xx_hal_pwr_ex.o
                0x080060c8                HAL_PWREx_EnableOverDrive
 .text.HAL_RCC_OscConfig
                0x08006168      0x548 ./Drivers/STM32F7xx_HAL_Driver/Src/stm32f7xx_hal_rcc.o
                0x08006168                HAL_RCC_OscConfig
 .text.HAL_RCC_ClockConfig
                0x080066b0      0x1d8 ./Drivers/STM32F7xx_HAL_Driver/Src/stm32f7xx_hal_rcc.o
                0x080066b0                HAL_RCC_ClockConfig
 .text.HAL_RCC_GetSysClockFreq
                0x08006888      0x18c ./Drivers/STM32F7xx_HAL_Driver/Src/stm32f7xx_hal_rcc.o
                0x08006888                HAL_RCC_GetSysClockFreq
 .text.HAL_RCC_GetHCLKFreq
                0x08006a14       0x18 ./Drivers/STM32F7xx_HAL_Driver/Src/stm32f7xx_hal_rcc.o
                0x08006a14                HAL_RCC_GetHCLKFreq
 .text.HAL_RCC_GetPCLK1Freq
                0x08006a2c       0x28 ./Drivers/STM32F7xx_HAL_Driver/Src/stm32f7xx_hal_rcc.o
                0x08006a2c                HAL_RCC_GetPCLK1Freq
 .text.HAL_RCC_GetPCLK2Freq
                0x08006a54       0x28 ./Drivers/STM32F7xx_HAL_Driver/Src/stm32f7xx_hal_rcc.o
                0x08006a54                HAL_RCC_GetPCLK2Freq
 .text.HAL_RCCEx_PeriphCLKConfig
                0x08006a7c      0x7e0 ./Drivers/STM32F7xx_HAL_Driver/Src/stm32f7xx_hal_rcc_ex.o
                0x08006a7c                HAL_RCCEx_PeriphCLKConfig
 .text.HAL_RCCEx_GetPeriphCLKConfig
                0x0800725c      0x218 ./Drivers/STM32F7xx_HAL_Driver/Src/stm32f7xx_hal_rcc_ex.o
                0x0800725c                HAL_RCCEx_GetPeriphCLKConfig
 .text.HAL_RCCEx_GetPeriphCLKFreq
                0x08007474      0x280 ./Drivers/STM32F7xx_HAL_Driver/Src/stm32f7xx_hal_rcc_ex.o
                0x08007474                HAL_RCCEx_GetPeriphCLKFreq
 .text.HAL_SAI_Init
                0x080076f4      0x2fc ./Drivers/STM32F7xx_HAL_Driver/Src/stm32f7xx_hal_sai.o
                0x080076f4                HAL_SAI_Init
 .text.HAL_SAI_DeInit
                0x080079f0       0x6a ./Drivers/STM32F7xx_HAL_Driver/Src/stm32f7xx_hal_sai.o
                0x080079f0                HAL_SAI_DeInit
 .text.HAL_SAI_DMAStop
                0x08007a5a       0xe6 ./Drivers/STM32F7xx_HAL_Driver/Src/stm32f7xx_hal_sai.o
                0x08007a5a                HAL_SAI_DMAStop
 .text.HAL_SAI_Abort
                0x08007b40      0x108 ./Drivers/STM32F7xx_HAL_Driver/Src/stm32f7xx_hal_sai.o
                0x08007b40                HAL_SAI_Abort
 .text.HAL_SAI_Transmit_DMA
                0x08007c48      0x160 ./Drivers/STM32F7xx_HAL_Driver/Src/stm32f7xx_hal_sai.o
                0x08007c48                HAL_SAI_Transmit_DMA
 .text.HAL_SAI_Receive_DMA
                0x08007da8      0x11c ./Drivers/STM32F7xx_HAL_Driver/Src/stm32f7xx_hal_sai.o
                0x08007da8                HAL_SAI_Receive_DMA
 .text.HAL_SAI_IRQHandler
                0x08007ec4      0x290 ./Drivers/STM32F7xx_HAL_Driver/Src/stm32f7xx_hal_sai.o
                0x08007ec4                HAL_SAI_IRQHandler
 .text.HAL_SAI_GetState
                0x08008154       0x1c ./Drivers/STM32F7xx_HAL_Driver/Src/stm32f7xx_hal_sai.o
                0x08008154                HAL_SAI_GetState
 .text.SAI_InterruptFlag
                0x08008170       0x6c ./Drivers/STM32F7xx_HAL_Driver/Src/stm32f7xx_hal_sai.o
 .text.SAI_Disable
                0x080081dc       0x70 ./Drivers/STM32F7xx_HAL_Driver/Src/stm32f7xx_hal_sai.o
 .text.SAI_DMATxCplt
                0x0800824c       0x60 ./Drivers/STM32F7xx_HAL_Driver/Src/stm32f7xx_hal_sai.o
 .text.SAI_DMATxHalfCplt
                0x080082ac       0x1c ./Drivers/STM32F7xx_HAL_Driver/Src/stm32f7xx_hal_sai.o
 .text.SAI_DMARxCplt
                0x080082c8       0x60 ./Drivers/STM32F7xx_HAL_Driver/Src/stm32f7xx_hal_sai.o
 .text.SAI_DMARxHalfCplt
                0x08008328       0x1c ./Drivers/STM32F7xx_HAL_Driver/Src/stm32f7xx_hal_sai.o
 .text.SAI_DMAError
                0x08008344       0x66 ./Drivers/STM32F7xx_HAL_Driver/Src/stm32f7xx_hal_sai.o
 .text.SAI_DMAAbort
                0x080083aa       0x6e ./Drivers/STM32F7xx_HAL_Driver/Src/stm32f7xx_hal_sai.o
 .text.HAL_SDRAM_Init
                0x08008418       0x68 ./Drivers/STM32F7xx_HAL_Driver/Src/stm32f7xx_hal_sdram.o
                0x08008418                HAL_SDRAM_Init
 .text.HAL_UART_Init
                0x08008480       0x9c ./Drivers/STM32F7xx_HAL_Driver/Src/stm32f7xx_hal_uart.o
                0x08008480                HAL_UART_Init
 .text.HAL_UART_Transmit
                0x0800851c      0x112 ./Drivers/STM32F7xx_HAL_Driver/Src/stm32f7xx_hal_uart.o
                0x0800851c                HAL_UART_Transmit
 *fill*         0x0800862e        0x2 
 .text.UART_SetConfig
                0x08008630      0x4c8 ./Drivers/STM32F7xx_HAL_Driver/Src/stm32f7xx_hal_uart.o
                0x08008630                UART_SetConfig
 .text.UART_AdvFeatureConfig
                0x08008af8      0x144 ./Drivers/STM32F7xx_HAL_Driver/Src/stm32f7xx_hal_uart.o
                0x08008af8                UART_AdvFeatureConfig
 .text.UART_CheckIdleState
                0x08008c3c       0xae ./Drivers/STM32F7xx_HAL_Driver/Src/stm32f7xx_hal_uart.o
                0x08008c3c                UART_CheckIdleState
 .text.UART_WaitOnFlagUntilTimeout
                0x08008cea       0xda ./Drivers/STM32F7xx_HAL_Driver/Src/stm32f7xx_hal_uart.o
                0x08008cea                UART_WaitOnFlagUntilTimeout
 .text.UART_EndRxTransfer
                0x08008dc4       0xc8 ./Drivers/STM32F7xx_HAL_Driver/Src/stm32f7xx_hal_uart.o
 .text.FMC_SDRAM_Init
                0x08008e8c       0xb8 ./Drivers/STM32F7xx_HAL_Driver/Src/stm32f7xx_ll_fmc.o
                0x08008e8c                FMC_SDRAM_Init
 .text.FMC_SDRAM_Timing_Init
                0x08008f44       0xd4 ./Drivers/STM32F7xx_HAL_Driver/Src/stm32f7xx_ll_fmc.o
                0x08008f44                FMC_SDRAM_Timing_Init
 .text.__cvt    0x08009018       0xca C:/ST/STM32CubeIDE_1.14.0/STM32CubeIDE/plugins/com.st.stm32cube.ide.mcu.externaltools.gnu-tools-for-stm32.12.3.rel1.win32_1.0.200.202406191623/tools/bin/../lib/gcc/arm-none-eabi/12.3.1/../../../../arm-none-eabi/lib/thumb/v7e-m+fp/hard\libc_nano.a(libc_a-nano-vfprintf_float.o)
                0x08009018                __cvt
 .text.__exponent
                0x080090e2       0x74 C:/ST/STM32CubeIDE_1.14.0/STM32CubeIDE/plugins/com.st.stm32cube.ide.mcu.externaltools.gnu-tools-for-stm32.12.3.rel1.win32_1.0.200.202406191623/tools/bin/../lib/gcc/arm-none-eabi/12.3.1/../../../../arm-none-eabi/lib/thumb/v7e-m+fp/hard\libc_nano.a(libc_a-nano-vfprintf_float.o)
                0x080090e2                __exponent
 *fill*         0x08009156        0x2 
 .text._printf_float
                0x08009158      0x454 C:/ST/STM32CubeIDE_1.14.0/STM32CubeIDE/plugins/com.st.stm32cube.ide.mcu.externaltools.gnu-tools-for-stm32.12.3.rel1.win32_1.0.200.202406191623/tools/bin/../lib/gcc/arm-none-eabi/12.3.1/../../../../arm-none-eabi/lib/thumb/v7e-m+fp/hard\libc_nano.a(libc_a-nano-vfprintf_float.o)
                0x08009158                _printf_float
 .text._printf_common
                0x080095ac       0xda C:/ST/STM32CubeIDE_1.14.0/STM32CubeIDE/plugins/com.st.stm32cube.ide.mcu.externaltools.gnu-tools-for-stm32.12.3.rel1.win32_1.0.200.202406191623/tools/bin/../lib/gcc/arm-none-eabi/12.3.1/../../../../arm-none-eabi/lib/thumb/v7e-m+fp/hard\libc_nano.a(libc_a-nano-vfprintf_i.o)
                0x080095ac                _printf_common
 *fill*         0x08009686        0x2 
 .text._printf_i
                0x08009688      0x240 C:/ST/STM32CubeIDE_1.14.0/STM32CubeIDE/plugins/com.st.stm32cube.ide.mcu.externaltools.gnu-tools-for-stm32.12.3.rel1.win32_1.0.200.202406191623/tools/bin/../lib/gcc/arm-none-eabi/12.3.1/../../../../arm-none-eabi/lib/thumb/v7e-m+fp/hard\libc_nano.a(libc_a-nano-vfprintf_i.o)
                0x08009688                _printf_i
 .text.std      0x080098c8       0x6c C:/ST/STM32CubeIDE_1.14.0/STM32CubeIDE/plugins/com.st.stm32cube.ide.mcu.externaltools.gnu-tools-for-stm32.12.3.rel1.win32_1.0.200.202406191623/tools/bin/../lib/gcc/arm-none-eabi/12.3.1/../../../../arm-none-eabi/lib/thumb/v7e-m+fp/hard\libc_nano.a(libc_a-findfp.o)
 .text.stdio_exit_handler
                0x08009934       0x18 C:/ST/STM32CubeIDE_1.14.0/STM32CubeIDE/plugins/com.st.stm32cube.ide.mcu.externaltools.gnu-tools-for-stm32.12.3.rel1.win32_1.0.200.202406191623/tools/bin/../lib/gcc/arm-none-eabi/12.3.1/../../../../arm-none-eabi/lib/thumb/v7e-m+fp/hard\libc_nano.a(libc_a-findfp.o)
 .text.cleanup_stdio
                0x0800994c       0x40 C:/ST/STM32CubeIDE_1.14.0/STM32CubeIDE/plugins/com.st.stm32cube.ide.mcu.externaltools.gnu-tools-for-stm32.12.3.rel1.win32_1.0.200.202406191623/tools/bin/../lib/gcc/arm-none-eabi/12.3.1/../../../../arm-none-eabi/lib/thumb/v7e-m+fp/hard\libc_nano.a(libc_a-findfp.o)
 .text.global_stdio_init.part.0
                0x0800998c       0x3c C:/ST/STM32CubeIDE_1.14.0/STM32CubeIDE/plugins/com.st.stm32cube.ide.mcu.externaltools.gnu-tools-for-stm32.12.3.rel1.win32_1.0.200.202406191623/tools/bin/../lib/gcc/arm-none-eabi/12.3.1/../../../../arm-none-eabi/lib/thumb/v7e-m+fp/hard\libc_nano.a(libc_a-findfp.o)
 .text.__sfp_lock_acquire
                0x080099c8        0xc C:/ST/STM32CubeIDE_1.14.0/STM32CubeIDE/plugins/com.st.stm32cube.ide.mcu.externaltools.gnu-tools-for-stm32.12.3.rel1.win32_1.0.200.202406191623/tools/bin/../lib/gcc/arm-none-eabi/12.3.1/../../../../arm-none-eabi/lib/thumb/v7e-m+fp/hard\libc_nano.a(libc_a-findfp.o)
                0x080099c8                __sfp_lock_acquire
 .text.__sfp_lock_release
                0x080099d4        0xc C:/ST/STM32CubeIDE_1.14.0/STM32CubeIDE/plugins/com.st.stm32cube.ide.mcu.externaltools.gnu-tools-for-stm32.12.3.rel1.win32_1.0.200.202406191623/tools/bin/../lib/gcc/arm-none-eabi/12.3.1/../../../../arm-none-eabi/lib/thumb/v7e-m+fp/hard\libc_nano.a(libc_a-findfp.o)
                0x080099d4                __sfp_lock_release
 .text.__sinit  0x080099e0       0x30 C:/ST/STM32CubeIDE_1.14.0/STM32CubeIDE/plugins/com.st.stm32cube.ide.mcu.externaltools.gnu-tools-for-stm32.12.3.rel1.win32_1.0.200.202406191623/tools/bin/../lib/gcc/arm-none-eabi/12.3.1/../../../../arm-none-eabi/lib/thumb/v7e-m+fp/hard\libc_nano.a(libc_a-findfp.o)
                0x080099e0                __sinit
 .text._fwalk_sglue
                0x08009a10       0x3c C:/ST/STM32CubeIDE_1.14.0/STM32CubeIDE/plugins/com.st.stm32cube.ide.mcu.externaltools.gnu-tools-for-stm32.12.3.rel1.win32_1.0.200.202406191623/tools/bin/../lib/gcc/arm-none-eabi/12.3.1/../../../../arm-none-eabi/lib/thumb/v7e-m+fp/hard\libc_nano.a(libc_a-fwalk.o)
                0x08009a10                _fwalk_sglue
 .text._puts_r  0x08009a4c       0xaa C:/ST/STM32CubeIDE_1.14.0/STM32CubeIDE/plugins/com.st.stm32cube.ide.mcu.externaltools.gnu-tools-for-stm32.12.3.rel1.win32_1.0.200.202406191623/tools/bin/../lib/gcc/arm-none-eabi/12.3.1/../../../../arm-none-eabi/lib/thumb/v7e-m+fp/hard\libc_nano.a(libc_a-puts.o)
                0x08009a4c                _puts_r
 *fill*         0x08009af6        0x2 
 .text.puts     0x08009af8       0x10 C:/ST/STM32CubeIDE_1.14.0/STM32CubeIDE/plugins/com.st.stm32cube.ide.mcu.externaltools.gnu-tools-for-stm32.12.3.rel1.win32_1.0.200.202406191623/tools/bin/../lib/gcc/arm-none-eabi/12.3.1/../../../../arm-none-eabi/lib/thumb/v7e-m+fp/hard\libc_nano.a(libc_a-puts.o)
                0x08009af8                puts
 .text.__sread  0x08009b08       0x22 C:/ST/STM32CubeIDE_1.14.0/STM32CubeIDE/plugins/com.st.stm32cube.ide.mcu.externaltools.gnu-tools-for-stm32.12.3.rel1.win32_1.0.200.202406191623/tools/bin/../lib/gcc/arm-none-eabi/12.3.1/../../../../arm-none-eabi/lib/thumb/v7e-m+fp/hard\libc_nano.a(libc_a-stdio.o)
                0x08009b08                __sread
 .text.__swrite
                0x08009b2a       0x38 C:/ST/STM32CubeIDE_1.14.0/STM32CubeIDE/plugins/com.st.stm32cube.ide.mcu.externaltools.gnu-tools-for-stm32.12.3.rel1.win32_1.0.200.202406191623/tools/bin/../lib/gcc/arm-none-eabi/12.3.1/../../../../arm-none-eabi/lib/thumb/v7e-m+fp/hard\libc_nano.a(libc_a-stdio.o)
                0x08009b2a                __swrite
 .text.__sseek  0x08009b62       0x24 C:/ST/STM32CubeIDE_1.14.0/STM32CubeIDE/plugins/com.st.stm32cube.ide.mcu.externaltools.gnu-tools-for-stm32.12.3.rel1.win32_1.0.200.202406191623/tools/bin/../lib/gcc/arm-none-eabi/12.3.1/../../../../arm-none-eabi/lib/thumb/v7e-m+fp/hard\libc_nano.a(libc_a-stdio.o)
                0x08009b62                __sseek
 .text.__sclose
                0x08009b86        0x8 C:/ST/STM32CubeIDE_1.14.0/STM32CubeIDE/plugins/com.st.stm32cube.ide.mcu.externaltools.gnu-tools-for-stm32.12.3.rel1.win32_1.0.200.202406191623/tools/bin/../lib/gcc/arm-none-eabi/12.3.1/../../../../arm-none-eabi/lib/thumb/v7e-m+fp/hard\libc_nano.a(libc_a-stdio.o)
                0x08009b86                __sclose
 .text.__swbuf_r
                0x08009b8e       0x7c C:/ST/STM32CubeIDE_1.14.0/STM32CubeIDE/plugins/com.st.stm32cube.ide.mcu.externaltools.gnu-tools-for-stm32.12.3.rel1.win32_1.0.200.202406191623/tools/bin/../lib/gcc/arm-none-eabi/12.3.1/../../../../arm-none-eabi/lib/thumb/v7e-m+fp/hard\libc_nano.a(libc_a-wbuf.o)
                0x08009b8e                __swbuf_r
 *fill*         0x08009c0a        0x2 
 .text.__swsetup_r
                0x08009c0c       0xac C:/ST/STM32CubeIDE_1.14.0/STM32CubeIDE/plugins/com.st.stm32cube.ide.mcu.externaltools.gnu-tools-for-stm32.12.3.rel1.win32_1.0.200.202406191623/tools/bin/../lib/gcc/arm-none-eabi/12.3.1/../../../../arm-none-eabi/lib/thumb/v7e-m+fp/hard\libc_nano.a(libc_a-wsetup.o)
                0x08009c0c                __swsetup_r
 .text.memset   0x08009cb8       0x10 C:/ST/STM32CubeIDE_1.14.0/STM32CubeIDE/plugins/com.st.stm32cube.ide.mcu.externaltools.gnu-tools-for-stm32.12.3.rel1.win32_1.0.200.202406191623/tools/bin/../lib/gcc/arm-none-eabi/12.3.1/../../../../arm-none-eabi/lib/thumb/v7e-m+fp/hard\libc_nano.a(libc_a-memset.o)
                0x08009cb8                memset
 .text._localeconv_r
                0x08009cc8        0x8 C:/ST/STM32CubeIDE_1.14.0/STM32CubeIDE/plugins/com.st.stm32cube.ide.mcu.externaltools.gnu-tools-for-stm32.12.3.rel1.win32_1.0.200.202406191623/tools/bin/../lib/gcc/arm-none-eabi/12.3.1/../../../../arm-none-eabi/lib/thumb/v7e-m+fp/hard\libc_nano.a(libc_a-localeconv.o)
                0x08009cc8                _localeconv_r
 .text._close_r
                0x08009cd0       0x20 C:/ST/STM32CubeIDE_1.14.0/STM32CubeIDE/plugins/com.st.stm32cube.ide.mcu.externaltools.gnu-tools-for-stm32.12.3.rel1.win32_1.0.200.202406191623/tools/bin/../lib/gcc/arm-none-eabi/12.3.1/../../../../arm-none-eabi/lib/thumb/v7e-m+fp/hard\libc_nano.a(libc_a-closer.o)
                0x08009cd0                _close_r
 .text._lseek_r
                0x08009cf0       0x24 C:/ST/STM32CubeIDE_1.14.0/STM32CubeIDE/plugins/com.st.stm32cube.ide.mcu.externaltools.gnu-tools-for-stm32.12.3.rel1.win32_1.0.200.202406191623/tools/bin/../lib/gcc/arm-none-eabi/12.3.1/../../../../arm-none-eabi/lib/thumb/v7e-m+fp/hard\libc_nano.a(libc_a-lseekr.o)
                0x08009cf0                _lseek_r
 .text._read_r  0x08009d14       0x24 C:/ST/STM32CubeIDE_1.14.0/STM32CubeIDE/plugins/com.st.stm32cube.ide.mcu.externaltools.gnu-tools-for-stm32.12.3.rel1.win32_1.0.200.202406191623/tools/bin/../lib/gcc/arm-none-eabi/12.3.1/../../../../arm-none-eabi/lib/thumb/v7e-m+fp/hard\libc_nano.a(libc_a-readr.o)
                0x08009d14                _read_r
 .text._write_r
                0x08009d38       0x24 C:/ST/STM32CubeIDE_1.14.0/STM32CubeIDE/plugins/com.st.stm32cube.ide.mcu.externaltools.gnu-tools-for-stm32.12.3.rel1.win32_1.0.200.202406191623/tools/bin/../lib/gcc/arm-none-eabi/12.3.1/../../../../arm-none-eabi/lib/thumb/v7e-m+fp/hard\libc_nano.a(libc_a-writer.o)
                0x08009d38                _write_r
 .text.__errno  0x08009d5c        0xc C:/ST/STM32CubeIDE_1.14.0/STM32CubeIDE/plugins/com.st.stm32cube.ide.mcu.externaltools.gnu-tools-for-stm32.12.3.rel1.win32_1.0.200.202406191623/tools/bin/../lib/gcc/arm-none-eabi/12.3.1/../../../../arm-none-eabi/lib/thumb/v7e-m+fp/hard\libc_nano.a(libc_a-errno.o)
                0x08009d5c                __errno
 .text.__libc_init_array
                0x08009d68       0x48 C:/ST/STM32CubeIDE_1.14.0/STM32CubeIDE/plugins/com.st.stm32cube.ide.mcu.externaltools.gnu-tools-for-stm32.12.3.rel1.win32_1.0.200.202406191623/tools/bin/../lib/gcc/arm-none-eabi/12.3.1/../../../../arm-none-eabi/lib/thumb/v7e-m+fp/hard\libc_nano.a(libc_a-init.o)
                0x08009d68                __libc_init_array
 .text.__retarget_lock_init_recursive
                0x08009db0        0x2 C:/ST/STM32CubeIDE_1.14.0/STM32CubeIDE/plugins/com.st.stm32cube.ide.mcu.externaltools.gnu-tools-for-stm32.12.3.rel1.win32_1.0.200.202406191623/tools/bin/../lib/gcc/arm-none-eabi/12.3.1/../../../../arm-none-eabi/lib/thumb/v7e-m+fp/hard\libc_nano.a(libc_a-lock.o)
                0x08009db0                __retarget_lock_init_recursive
 .text.__retarget_lock_acquire_recursive
                0x08009db2        0x2 C:/ST/STM32CubeIDE_1.14.0/STM32CubeIDE/plugins/com.st.stm32cube.ide.mcu.externaltools.gnu-tools-for-stm32.12.3.rel1.win32_1.0.200.202406191623/tools/bin/../lib/gcc/arm-none-eabi/12.3.1/../../../../arm-none-eabi/lib/thumb/v7e-m+fp/hard\libc_nano.a(libc_a-lock.o)
                0x08009db2                __retarget_lock_acquire_recursive
 .text.__retarget_lock_release_recursive
                0x08009db4        0x2 C:/ST/STM32CubeIDE_1.14.0/STM32CubeIDE/plugins/com.st.stm32cube.ide.mcu.externaltools.gnu-tools-for-stm32.12.3.rel1.win32_1.0.200.202406191623/tools/bin/../lib/gcc/arm-none-eabi/12.3.1/../../../../arm-none-eabi/lib/thumb/v7e-m+fp/hard\libc_nano.a(libc_a-lock.o)
                0x08009db4                __retarget_lock_release_recursive
 .text.memcpy   0x08009db6       0x1c C:/ST/STM32CubeIDE_1.14.0/STM32CubeIDE/plugins/com.st.stm32cube.ide.mcu.externaltools.gnu-tools-for-stm32.12.3.rel1.win32_1.0.200.202406191623/tools/bin/../lib/gcc/arm-none-eabi/12.3.1/../../../../arm-none-eabi/lib/thumb/v7e-m+fp/hard\libc_nano.a(libc_a-memcpy-stub.o)
                0x08009db6                memcpy
 .text.quorem   0x08009dd2      0x110 C:/ST/STM32CubeIDE_1.14.0/STM32CubeIDE/plugins/com.st.stm32cube.ide.mcu.externaltools.gnu-tools-for-stm32.12.3.rel1.win32_1.0.200.202406191623/tools/bin/../lib/gcc/arm-none-eabi/12.3.1/../../../../arm-none-eabi/lib/thumb/v7e-m+fp/hard\libc_nano.a(libc_a-dtoa.o)
 *fill*         0x08009ee2        0x6 
 .text._dtoa_r  0x08009ee8      0xb88 C:/ST/STM32CubeIDE_1.14.0/STM32CubeIDE/plugins/com.st.stm32cube.ide.mcu.externaltools.gnu-tools-for-stm32.12.3.rel1.win32_1.0.200.202406191623/tools/bin/../lib/gcc/arm-none-eabi/12.3.1/../../../../arm-none-eabi/lib/thumb/v7e-m+fp/hard\libc_nano.a(libc_a-dtoa.o)
                0x08009ee8                _dtoa_r
 .text._free_r  0x0800aa70       0x94 C:/ST/STM32CubeIDE_1.14.0/STM32CubeIDE/plugins/com.st.stm32cube.ide.mcu.externaltools.gnu-tools-for-stm32.12.3.rel1.win32_1.0.200.202406191623/tools/bin/../lib/gcc/arm-none-eabi/12.3.1/../../../../arm-none-eabi/lib/thumb/v7e-m+fp/hard\libc_nano.a(libc_a-freer.o)
                0x0800aa70                _free_r
 .text.malloc   0x0800ab04       0x10 C:/ST/STM32CubeIDE_1.14.0/STM32CubeIDE/plugins/com.st.stm32cube.ide.mcu.externaltools.gnu-tools-for-stm32.12.3.rel1.win32_1.0.200.202406191623/tools/bin/../lib/gcc/arm-none-eabi/12.3.1/../../../../arm-none-eabi/lib/thumb/v7e-m+fp/hard\libc_nano.a(libc_a-malloc.o)
                0x0800ab04                malloc
 .text.sbrk_aligned
                0x0800ab14       0x44 C:/ST/STM32CubeIDE_1.14.0/STM32CubeIDE/plugins/com.st.stm32cube.ide.mcu.externaltools.gnu-tools-for-stm32.12.3.rel1.win32_1.0.200.202406191623/tools/bin/../lib/gcc/arm-none-eabi/12.3.1/../../../../arm-none-eabi/lib/thumb/v7e-m+fp/hard\libc_nano.a(libc_a-mallocr.o)
 .text._malloc_r
                0x0800ab58      0x100 C:/ST/STM32CubeIDE_1.14.0/STM32CubeIDE/plugins/com.st.stm32cube.ide.mcu.externaltools.gnu-tools-for-stm32.12.3.rel1.win32_1.0.200.202406191623/tools/bin/../lib/gcc/arm-none-eabi/12.3.1/../../../../arm-none-eabi/lib/thumb/v7e-m+fp/hard\libc_nano.a(libc_a-mallocr.o)
                0x0800ab58                _malloc_r
 .text.__malloc_lock
                0x0800ac58        0xc C:/ST/STM32CubeIDE_1.14.0/STM32CubeIDE/plugins/com.st.stm32cube.ide.mcu.externaltools.gnu-tools-for-stm32.12.3.rel1.win32_1.0.200.202406191623/tools/bin/../lib/gcc/arm-none-eabi/12.3.1/../../../../arm-none-eabi/lib/thumb/v7e-m+fp/hard\libc_nano.a(libc_a-mlock.o)
                0x0800ac58                __malloc_lock
 .text.__malloc_unlock
                0x0800ac64        0xc C:/ST/STM32CubeIDE_1.14.0/STM32CubeIDE/plugins/com.st.stm32cube.ide.mcu.externaltools.gnu-tools-for-stm32.12.3.rel1.win32_1.0.200.202406191623/tools/bin/../lib/gcc/arm-none-eabi/12.3.1/../../../../arm-none-eabi/lib/thumb/v7e-m+fp/hard\libc_nano.a(libc_a-mlock.o)
                0x0800ac64                __malloc_unlock
 .text._Balloc  0x0800ac70       0x80 C:/ST/STM32CubeIDE_1.14.0/STM32CubeIDE/plugins/com.st.stm32cube.ide.mcu.externaltools.gnu-tools-for-stm32.12.3.rel1.win32_1.0.200.202406191623/tools/bin/../lib/gcc/arm-none-eabi/12.3.1/../../../../arm-none-eabi/lib/thumb/v7e-m+fp/hard\libc_nano.a(libc_a-mprec.o)
                0x0800ac70                _Balloc
 .text._Bfree   0x0800acf0       0x44 C:/ST/STM32CubeIDE_1.14.0/STM32CubeIDE/plugins/com.st.stm32cube.ide.mcu.externaltools.gnu-tools-for-stm32.12.3.rel1.win32_1.0.200.202406191623/tools/bin/../lib/gcc/arm-none-eabi/12.3.1/../../../../arm-none-eabi/lib/thumb/v7e-m+fp/hard\libc_nano.a(libc_a-mprec.o)
                0x0800acf0                _Bfree
 .text.__multadd
                0x0800ad34       0x8c C:/ST/STM32CubeIDE_1.14.0/STM32CubeIDE/plugins/com.st.stm32cube.ide.mcu.externaltools.gnu-tools-for-stm32.12.3.rel1.win32_1.0.200.202406191623/tools/bin/../lib/gcc/arm-none-eabi/12.3.1/../../../../arm-none-eabi/lib/thumb/v7e-m+fp/hard\libc_nano.a(libc_a-mprec.o)
                0x0800ad34                __multadd
 .text.__hi0bits
                0x0800adc0       0x3e C:/ST/STM32CubeIDE_1.14.0/STM32CubeIDE/plugins/com.st.stm32cube.ide.mcu.externaltools.gnu-tools-for-stm32.12.3.rel1.win32_1.0.200.202406191623/tools/bin/../lib/gcc/arm-none-eabi/12.3.1/../../../../arm-none-eabi/lib/thumb/v7e-m+fp/hard\libc_nano.a(libc_a-mprec.o)
                0x0800adc0                __hi0bits
 .text.__lo0bits
                0x0800adfe       0x5a C:/ST/STM32CubeIDE_1.14.0/STM32CubeIDE/plugins/com.st.stm32cube.ide.mcu.externaltools.gnu-tools-for-stm32.12.3.rel1.win32_1.0.200.202406191623/tools/bin/../lib/gcc/arm-none-eabi/12.3.1/../../../../arm-none-eabi/lib/thumb/v7e-m+fp/hard\libc_nano.a(libc_a-mprec.o)
                0x0800adfe                __lo0bits
 .text.__i2b    0x0800ae58       0x2c C:/ST/STM32CubeIDE_1.14.0/STM32CubeIDE/plugins/com.st.stm32cube.ide.mcu.externaltools.gnu-tools-for-stm32.12.3.rel1.win32_1.0.200.202406191623/tools/bin/../lib/gcc/arm-none-eabi/12.3.1/../../../../arm-none-eabi/lib/thumb/v7e-m+fp/hard\libc_nano.a(libc_a-mprec.o)
                0x0800ae58                __i2b
 .text.__multiply
                0x0800ae84      0x154 C:/ST/STM32CubeIDE_1.14.0/STM32CubeIDE/plugins/com.st.stm32cube.ide.mcu.externaltools.gnu-tools-for-stm32.12.3.rel1.win32_1.0.200.202406191623/tools/bin/../lib/gcc/arm-none-eabi/12.3.1/../../../../arm-none-eabi/lib/thumb/v7e-m+fp/hard\libc_nano.a(libc_a-mprec.o)
                0x0800ae84                __multiply
 .text.__pow5mult
                0x0800afd8       0xb4 C:/ST/STM32CubeIDE_1.14.0/STM32CubeIDE/plugins/com.st.stm32cube.ide.mcu.externaltools.gnu-tools-for-stm32.12.3.rel1.win32_1.0.200.202406191623/tools/bin/../lib/gcc/arm-none-eabi/12.3.1/../../../../arm-none-eabi/lib/thumb/v7e-m+fp/hard\libc_nano.a(libc_a-mprec.o)
                0x0800afd8                __pow5mult
 .text.__lshift
                0x0800b08c       0xd8 C:/ST/STM32CubeIDE_1.14.0/STM32CubeIDE/plugins/com.st.stm32cube.ide.mcu.externaltools.gnu-tools-for-stm32.12.3.rel1.win32_1.0.200.202406191623/tools/bin/../lib/gcc/arm-none-eabi/12.3.1/../../../../arm-none-eabi/lib/thumb/v7e-m+fp/hard\libc_nano.a(libc_a-mprec.o)
                0x0800b08c                __lshift
 .text.__mcmp   0x0800b164       0x36 C:/ST/STM32CubeIDE_1.14.0/STM32CubeIDE/plugins/com.st.stm32cube.ide.mcu.externaltools.gnu-tools-for-stm32.12.3.rel1.win32_1.0.200.202406191623/tools/bin/../lib/gcc/arm-none-eabi/12.3.1/../../../../arm-none-eabi/lib/thumb/v7e-m+fp/hard\libc_nano.a(libc_a-mprec.o)
                0x0800b164                __mcmp
 *fill*         0x0800b19a        0x2 
 .text.__mdiff  0x0800b19c      0x128 C:/ST/STM32CubeIDE_1.14.0/STM32CubeIDE/plugins/com.st.stm32cube.ide.mcu.externaltools.gnu-tools-for-stm32.12.3.rel1.win32_1.0.200.202406191623/tools/bin/../lib/gcc/arm-none-eabi/12.3.1/../../../../arm-none-eabi/lib/thumb/v7e-m+fp/hard\libc_nano.a(libc_a-mprec.o)
                0x0800b19c                __mdiff
 .text.__d2b    0x0800b2c4       0xb0 C:/ST/STM32CubeIDE_1.14.0/STM32CubeIDE/plugins/com.st.stm32cube.ide.mcu.externaltools.gnu-tools-for-stm32.12.3.rel1.win32_1.0.200.202406191623/tools/bin/../lib/gcc/arm-none-eabi/12.3.1/../../../../arm-none-eabi/lib/thumb/v7e-m+fp/hard\libc_nano.a(libc_a-mprec.o)
                0x0800b2c4                __d2b
 .text.__sflush_r
                0x0800b374      0x108 C:/ST/STM32CubeIDE_1.14.0/STM32CubeIDE/plugins/com.st.stm32cube.ide.mcu.externaltools.gnu-tools-for-stm32.12.3.rel1.win32_1.0.200.202406191623/tools/bin/../lib/gcc/arm-none-eabi/12.3.1/../../../../arm-none-eabi/lib/thumb/v7e-m+fp/hard\libc_nano.a(libc_a-fflush.o)
                0x0800b374                __sflush_r
 .text._fflush_r
                0x0800b47c       0x50 C:/ST/STM32CubeIDE_1.14.0/STM32CubeIDE/plugins/com.st.stm32cube.ide.mcu.externaltools.gnu-tools-for-stm32.12.3.rel1.win32_1.0.200.202406191623/tools/bin/../lib/gcc/arm-none-eabi/12.3.1/../../../../arm-none-eabi/lib/thumb/v7e-m+fp/hard\libc_nano.a(libc_a-fflush.o)
                0x0800b47c                _fflush_r
 .text.__swhatbuf_r
                0x0800b4cc       0x4c C:/ST/STM32CubeIDE_1.14.0/STM32CubeIDE/plugins/com.st.stm32cube.ide.mcu.externaltools.gnu-tools-for-stm32.12.3.rel1.win32_1.0.200.202406191623/tools/bin/../lib/gcc/arm-none-eabi/12.3.1/../../../../arm-none-eabi/lib/thumb/v7e-m+fp/hard\libc_nano.a(libc_a-makebuf.o)
                0x0800b4cc                __swhatbuf_r
 .text.__smakebuf_r
                0x0800b518       0x78 C:/ST/STM32CubeIDE_1.14.0/STM32CubeIDE/plugins/com.st.stm32cube.ide.mcu.externaltools.gnu-tools-for-stm32.12.3.rel1.win32_1.0.200.202406191623/tools/bin/../lib/gcc/arm-none-eabi/12.3.1/../../../../arm-none-eabi/lib/thumb/v7e-m+fp/hard\libc_nano.a(libc_a-makebuf.o)
                0x0800b518                __smakebuf_r
 .text._fstat_r
                0x0800b590       0x24 C:/ST/STM32CubeIDE_1.14.0/STM32CubeIDE/plugins/com.st.stm32cube.ide.mcu.externaltools.gnu-tools-for-stm32.12.3.rel1.win32_1.0.200.202406191623/tools/bin/../lib/gcc/arm-none-eabi/12.3.1/../../../../arm-none-eabi/lib/thumb/v7e-m+fp/hard\libc_nano.a(libc_a-fstatr.o)
                0x0800b590                _fstat_r
 .text._isatty_r
                0x0800b5b4       0x20 C:/ST/STM32CubeIDE_1.14.0/STM32CubeIDE/plugins/com.st.stm32cube.ide.mcu.externaltools.gnu-tools-for-stm32.12.3.rel1.win32_1.0.200.202406191623/tools/bin/../lib/gcc/arm-none-eabi/12.3.1/../../../../arm-none-eabi/lib/thumb/v7e-m+fp/hard\libc_nano.a(libc_a-isattyr.o)
                0x0800b5b4                _isatty_r
 .text._sbrk_r  0x0800b5d4       0x20 C:/ST/STM32CubeIDE_1.14.0/STM32CubeIDE/plugins/com.st.stm32cube.ide.mcu.externaltools.gnu-tools-for-stm32.12.3.rel1.win32_1.0.200.202406191623/tools/bin/../lib/gcc/arm-none-eabi/12.3.1/../../../../arm-none-eabi/lib/thumb/v7e-m+fp/hard\libc_nano.a(libc_a-sbrkr.o)
                0x0800b5d4                _sbrk_r
 .text.__assert_func
                0x0800b5f4       0x3c C:/ST/STM32CubeIDE_1.14.0/STM32CubeIDE/plugins/com.st.stm32cube.ide.mcu.externaltools.gnu-tools-for-stm32.12.3.rel1.win32_1.0.200.202406191623/tools/bin/../lib/gcc/arm-none-eabi/12.3.1/../../../../arm-none-eabi/lib/thumb/v7e-m+fp/hard\libc_nano.a(libc_a-assert.o)
                0x0800b5f4                __assert_func
 .text._calloc_r
                0x0800b630       0x28 C:/ST/STM32CubeIDE_1.14.0/STM32CubeIDE/plugins/com.st.stm32cube.ide.mcu.externaltools.gnu-tools-for-stm32.12.3.rel1.win32_1.0.200.202406191623/tools/bin/../lib/gcc/arm-none-eabi/12.3.1/../../../../arm-none-eabi/lib/thumb/v7e-m+fp/hard\libc_nano.a(libc_a-callocr.o)
                0x0800b630                _calloc_r
 .text.__ascii_mbtowc
                0x0800b658       0x24 C:/ST/STM32CubeIDE_1.14.0/STM32CubeIDE/plugins/com.st.stm32cube.ide.mcu.externaltools.gnu-tools-for-stm32.12.3.rel1.win32_1.0.200.202406191623/tools/bin/../lib/gcc/arm-none-eabi/12.3.1/../../../../arm-none-eabi/lib/thumb/v7e-m+fp/hard\libc_nano.a(libc_a-mbtowc_r.o)
                0x0800b658                __ascii_mbtowc
 .text.__ascii_wctomb
                0x0800b67c       0x1a C:/ST/STM32CubeIDE_1.14.0/STM32CubeIDE/plugins/com.st.stm32cube.ide.mcu.externaltools.gnu-tools-for-stm32.12.3.rel1.win32_1.0.200.202406191623/tools/bin/../lib/gcc/arm-none-eabi/12.3.1/../../../../arm-none-eabi/lib/thumb/v7e-m+fp/hard\libc_nano.a(libc_a-wctomb_r.o)
                0x0800b67c                __ascii_wctomb
 *fill*         0x0800b696        0x2 
 .text.fprintf  0x0800b698       0x24 C:/ST/STM32CubeIDE_1.14.0/STM32CubeIDE/plugins/com.st.stm32cube.ide.mcu.externaltools.gnu-tools-for-stm32.12.3.rel1.win32_1.0.200.202406191623/tools/bin/../lib/gcc/arm-none-eabi/12.3.1/../../../../arm-none-eabi/lib/thumb/v7e-m+fp/hard\libc_nano.a(libc_a-fprintf.o)
                0x0800b698                fiprintf
                0x0800b698                fprintf
 .text.abort    0x0800b6bc        0xe C:/ST/STM32CubeIDE_1.14.0/STM32CubeIDE/plugins/com.st.stm32cube.ide.mcu.externaltools.gnu-tools-for-stm32.12.3.rel1.win32_1.0.200.202406191623/tools/bin/../lib/gcc/arm-none-eabi/12.3.1/../../../../arm-none-eabi/lib/thumb/v7e-m+fp/hard\libc_nano.a(libc_a-abort.o)
                0x0800b6bc                abort
 .text.__sfputc_r
                0x0800b6ca       0x2e C:/ST/STM32CubeIDE_1.14.0/STM32CubeIDE/plugins/com.st.stm32cube.ide.mcu.externaltools.gnu-tools-for-stm32.12.3.rel1.win32_1.0.200.202406191623/tools/bin/../lib/gcc/arm-none-eabi/12.3.1/../../../../arm-none-eabi/lib/thumb/v7e-m+fp/hard\libc_nano.a(libc_a-nano-vfprintf.o)
 .text.__sfputs_r
                0x0800b6f8       0x24 C:/ST/STM32CubeIDE_1.14.0/STM32CubeIDE/plugins/com.st.stm32cube.ide.mcu.externaltools.gnu-tools-for-stm32.12.3.rel1.win32_1.0.200.202406191623/tools/bin/../lib/gcc/arm-none-eabi/12.3.1/../../../../arm-none-eabi/lib/thumb/v7e-m+fp/hard\libc_nano.a(libc_a-nano-vfprintf.o)
                0x0800b6f8                __sfputs_r
 .text._vfprintf_r
                0x0800b71c      0x230 C:/ST/STM32CubeIDE_1.14.0/STM32CubeIDE/plugins/com.st.stm32cube.ide.mcu.externaltools.gnu-tools-for-stm32.12.3.rel1.win32_1.0.200.202406191623/tools/bin/../lib/gcc/arm-none-eabi/12.3.1/../../../../arm-none-eabi/lib/thumb/v7e-m+fp/hard\libc_nano.a(libc_a-nano-vfprintf.o)
                0x0800b71c                _vfprintf_r
                0x0800b71c                _vfiprintf_r
 .text._raise_r
                0x0800b94c       0x50 C:/ST/STM32CubeIDE_1.14.0/STM32CubeIDE/plugins/com.st.stm32cube.ide.mcu.externaltools.gnu-tools-for-stm32.12.3.rel1.win32_1.0.200.202406191623/tools/bin/../lib/gcc/arm-none-eabi/12.3.1/../../../../arm-none-eabi/lib/thumb/v7e-m+fp/hard\libc_nano.a(libc_a-signal.o)
                0x0800b94c                _raise_r
 .text.raise    0x0800b99c       0x10 C:/ST/STM32CubeIDE_1.14.0/STM32CubeIDE/plugins/com.st.stm32cube.ide.mcu.externaltools.gnu-tools-for-stm32.12.3.rel1.win32_1.0.200.202406191623/tools/bin/../lib/gcc/arm-none-eabi/12.3.1/../../../../arm-none-eabi/lib/thumb/v7e-m+fp/hard\libc_nano.a(libc_a-signal.o)
                0x0800b99c                raise
 .text._kill_r  0x0800b9ac       0x24 C:/ST/STM32CubeIDE_1.14.0/STM32CubeIDE/plugins/com.st.stm32cube.ide.mcu.externaltools.gnu-tools-for-stm32.12.3.rel1.win32_1.0.200.202406191623/tools/bin/../lib/gcc/arm-none-eabi/12.3.1/../../../../arm-none-eabi/lib/thumb/v7e-m+fp/hard\libc_nano.a(libc_a-signalr.o)
                0x0800b9ac                _kill_r
 .text._getpid_r
                0x0800b9d0        0x4 C:/ST/STM32CubeIDE_1.14.0/STM32CubeIDE/plugins/com.st.stm32cube.ide.mcu.externaltools.gnu-tools-for-stm32.12.3.rel1.win32_1.0.200.202406191623/tools/bin/../lib/gcc/arm-none-eabi/12.3.1/../../../../arm-none-eabi/lib/thumb/v7e-m+fp/hard\libc_nano.a(libc_a-signalr.o)
                0x0800b9d0                _getpid_r
 *(.glue_7)
 .glue_7        0x0800b9d4        0x0 linker stubs
 *(.glue_7t)
 .glue_7t       0x0800b9d4        0x0 linker stubs
 *(.eh_frame)
 .eh_frame      0x0800b9d4        0x0 C:/ST/STM32CubeIDE_1.14.0/STM32CubeIDE/plugins/com.st.stm32cube.ide.mcu.externaltools.gnu-tools-for-stm32.12.3.rel1.win32_1.0.200.202406191623/tools/bin/../lib/gcc/arm-none-eabi/12.3.1/thumb/v7e-m+fp/hard/crtbegin.o
 *(.init)
 .init          0x0800b9d4        0x4 C:/ST/STM32CubeIDE_1.14.0/STM32CubeIDE/plugins/com.st.stm32cube.ide.mcu.externaltools.gnu-tools-for-stm32.12.3.rel1.win32_1.0.200.202406191623/tools/bin/../lib/gcc/arm-none-eabi/12.3.1/thumb/v7e-m+fp/hard/crti.o
                0x0800b9d4                _init
 .init          0x0800b9d8        0x8 C:/ST/STM32CubeIDE_1.14.0/STM32CubeIDE/plugins/com.st.stm32cube.ide.mcu.externaltools.gnu-tools-for-stm32.12.3.rel1.win32_1.0.200.202406191623/tools/bin/../lib/gcc/arm-none-eabi/12.3.1/thumb/v7e-m+fp/hard/crtn.o
 *(.fini)
 .fini          0x0800b9e0        0x4 C:/ST/STM32CubeIDE_1.14.0/STM32CubeIDE/plugins/com.st.stm32cube.ide.mcu.externaltools.gnu-tools-for-stm32.12.3.rel1.win32_1.0.200.202406191623/tools/bin/../lib/gcc/arm-none-eabi/12.3.1/thumb/v7e-m+fp/hard/crti.o
                0x0800b9e0                _fini
 .fini          0x0800b9e4        0x8 C:/ST/STM32CubeIDE_1.14.0/STM32CubeIDE/plugins/com.st.stm32cube.ide.mcu.externaltools.gnu-tools-for-stm32.12.3.rel1.win32_1.0.200.202406191623/tools/bin/../lib/gcc/arm-none-eabi/12.3.1/thumb/v7e-m+fp/hard/crtn.o
                0x0800b9ec                        . = ALIGN (0x4)
                0x0800b9ec                        _etext = .

.vfp11_veneer   0x0800b9ec        0x0
 .vfp11_veneer  0x0800b9ec        0x0 linker stubs

.v4_bx          0x0800b9ec        0x0
 .v4_bx         0x0800b9ec        0x0 linker stubs

.iplt           0x0800b9ec        0x0
 .iplt          0x0800b9ec        0x0 C:/ST/STM32CubeIDE_1.14.0/STM32CubeIDE/plugins/com.st.stm32cube.ide.mcu.externaltools.gnu-tools-for-stm32.12.3.rel1.win32_1.0.200.202406191623/tools/bin/../lib/gcc/arm-none-eabi/12.3.1/thumb/v7e-m+fp/hard/crtbegin.o

.rodata         0x0800b9f0      0x498
                0x0800b9f0                        . = ALIGN (0x4)
 *(.rodata)
 .rodata        0x0800b9f0       0xff ./Core/Src/main.o
 *(.rodata*)
 *fill*         0x0800baef        0x1 
 .rodata.AHBPrescTable
                0x0800baf0       0x10 ./Core/Src/system_stm32f7xx.o
                0x0800baf0                AHBPrescTable
 .rodata.APBPrescTable
                0x0800bb00        0x8 ./Core/Src/system_stm32f7xx.o
                0x0800bb00                APBPrescTable
 .rodata.BUTTON_PIN
                0x0800bb08        0x6 ./Drivers/BSP/STM32746G-Discovery/stm32746g_discovery.o
                0x0800bb08                BUTTON_PIN
 *fill*         0x0800bb0e        0x2 
 .rodata.flagBitshiftOffset.0
                0x0800bb10        0x8 ./Drivers/STM32F7xx_HAL_Driver/Src/stm32f7xx_hal_dma.o
 .rodata._printf_float.str1.1
                0x0800bb18       0x12 C:/ST/STM32CubeIDE_1.14.0/STM32CubeIDE/plugins/com.st.stm32cube.ide.mcu.externaltools.gnu-tools-for-stm32.12.3.rel1.win32_1.0.200.202406191623/tools/bin/../lib/gcc/arm-none-eabi/12.3.1/../../../../arm-none-eabi/lib/thumb/v7e-m+fp/hard\libc_nano.a(libc_a-nano-vfprintf_float.o)
 .rodata._printf_i.str1.1
                0x0800bb2a       0x22 C:/ST/STM32CubeIDE_1.14.0/STM32CubeIDE/plugins/com.st.stm32cube.ide.mcu.externaltools.gnu-tools-for-stm32.12.3.rel1.win32_1.0.200.202406191623/tools/bin/../lib/gcc/arm-none-eabi/12.3.1/../../../../arm-none-eabi/lib/thumb/v7e-m+fp/hard\libc_nano.a(libc_a-nano-vfprintf_i.o)
 .rodata._dtoa_r.str1.1
                0x0800bb4c       0x8d C:/ST/STM32CubeIDE_1.14.0/STM32CubeIDE/plugins/com.st.stm32cube.ide.mcu.externaltools.gnu-tools-for-stm32.12.3.rel1.win32_1.0.200.202406191623/tools/bin/../lib/gcc/arm-none-eabi/12.3.1/../../../../arm-none-eabi/lib/thumb/v7e-m+fp/hard\libc_nano.a(libc_a-dtoa.o)
                                 0x8f (size before relaxing)
 .rodata._Balloc.str1.1
                0x0800bbd9       0x59 C:/ST/STM32CubeIDE_1.14.0/STM32CubeIDE/plugins/com.st.stm32cube.ide.mcu.externaltools.gnu-tools-for-stm32.12.3.rel1.win32_1.0.200.202406191623/tools/bin/../lib/gcc/arm-none-eabi/12.3.1/../../../../arm-none-eabi/lib/thumb/v7e-m+fp/hard\libc_nano.a(libc_a-mprec.o)
                                 0x70 (size before relaxing)
 .rodata.__multadd.str1.1
                0x0800bc32       0x11 C:/ST/STM32CubeIDE_1.14.0/STM32CubeIDE/plugins/com.st.stm32cube.ide.mcu.externaltools.gnu-tools-for-stm32.12.3.rel1.win32_1.0.200.202406191623/tools/bin/../lib/gcc/arm-none-eabi/12.3.1/../../../../arm-none-eabi/lib/thumb/v7e-m+fp/hard\libc_nano.a(libc_a-mprec.o)
 *fill*         0x0800bc32        0x2 
 .rodata.p05.0  0x0800bc34        0xc C:/ST/STM32CubeIDE_1.14.0/STM32CubeIDE/plugins/com.st.stm32cube.ide.mcu.externaltools.gnu-tools-for-stm32.12.3.rel1.win32_1.0.200.202406191623/tools/bin/../lib/gcc/arm-none-eabi/12.3.1/../../../../arm-none-eabi/lib/thumb/v7e-m+fp/hard\libc_nano.a(libc_a-mprec.o)
 .rodata.__mprec_bigtens
                0x0800bc40       0x28 C:/ST/STM32CubeIDE_1.14.0/STM32CubeIDE/plugins/com.st.stm32cube.ide.mcu.externaltools.gnu-tools-for-stm32.12.3.rel1.win32_1.0.200.202406191623/tools/bin/../lib/gcc/arm-none-eabi/12.3.1/../../../../arm-none-eabi/lib/thumb/v7e-m+fp/hard\libc_nano.a(libc_a-mprec.o)
                0x0800bc40                __mprec_bigtens
 .rodata.__mprec_tens
                0x0800bc68       0xc8 C:/ST/STM32CubeIDE_1.14.0/STM32CubeIDE/plugins/com.st.stm32cube.ide.mcu.externaltools.gnu-tools-for-stm32.12.3.rel1.win32_1.0.200.202406191623/tools/bin/../lib/gcc/arm-none-eabi/12.3.1/../../../../arm-none-eabi/lib/thumb/v7e-m+fp/hard\libc_nano.a(libc_a-mprec.o)
                0x0800bc68                __mprec_tens
 .rodata._setlocale_r.str1.1
                0x0800bd30        0x8 C:/ST/STM32CubeIDE_1.14.0/STM32CubeIDE/plugins/com.st.stm32cube.ide.mcu.externaltools.gnu-tools-for-stm32.12.3.rel1.win32_1.0.200.202406191623/tools/bin/../lib/gcc/arm-none-eabi/12.3.1/../../../../arm-none-eabi/lib/thumb/v7e-m+fp/hard\libc_nano.a(libc_a-locale.o)
                                  0x9 (size before relaxing)
 .rodata.str1.1
                0x0800bd38        0x2 C:/ST/STM32CubeIDE_1.14.0/STM32CubeIDE/plugins/com.st.stm32cube.ide.mcu.externaltools.gnu-tools-for-stm32.12.3.rel1.win32_1.0.200.202406191623/tools/bin/../lib/gcc/arm-none-eabi/12.3.1/../../../../arm-none-eabi/lib/thumb/v7e-m+fp/hard\libc_nano.a(libc_a-locale.o)
 .rodata.__assert_func.str1.1
                0x0800bd3a       0x3c C:/ST/STM32CubeIDE_1.14.0/STM32CubeIDE/plugins/com.st.stm32cube.ide.mcu.externaltools.gnu-tools-for-stm32.12.3.rel1.win32_1.0.200.202406191623/tools/bin/../lib/gcc/arm-none-eabi/12.3.1/../../../../arm-none-eabi/lib/thumb/v7e-m+fp/hard\libc_nano.a(libc_a-assert.o)
                                 0x3d (size before relaxing)
 .rodata._ctype_
                0x0800bd76      0x101 C:/ST/STM32CubeIDE_1.14.0/STM32CubeIDE/plugins/com.st.stm32cube.ide.mcu.externaltools.gnu-tools-for-stm32.12.3.rel1.win32_1.0.200.202406191623/tools/bin/../lib/gcc/arm-none-eabi/12.3.1/../../../../arm-none-eabi/lib/thumb/v7e-m+fp/hard\libc_nano.a(libc_a-ctype_.o)
                0x0800bd76                _ctype_
 .rodata._vfprintf_r.str1.1
                0x0800be77       0x11 C:/ST/STM32CubeIDE_1.14.0/STM32CubeIDE/plugins/com.st.stm32cube.ide.mcu.externaltools.gnu-tools-for-stm32.12.3.rel1.win32_1.0.200.202406191623/tools/bin/../lib/gcc/arm-none-eabi/12.3.1/../../../../arm-none-eabi/lib/thumb/v7e-m+fp/hard\libc_nano.a(libc_a-nano-vfprintf.o)
                0x0800be88                        . = ALIGN (0x4)

.ARM.extab      0x0800be88        0x0
                0x0800be88                        . = ALIGN (0x4)
 *(.ARM.extab* .gnu.linkonce.armextab.*)
                0x0800be88                        . = ALIGN (0x4)

.ARM            0x0800be88        0x8
                0x0800be88                        . = ALIGN (0x4)
                0x0800be88                        __exidx_start = .
 *(.ARM.exidx*)
 .ARM.exidx     0x0800be88        0x8 C:/ST/STM32CubeIDE_1.14.0/STM32CubeIDE/plugins/com.st.stm32cube.ide.mcu.externaltools.gnu-tools-for-stm32.12.3.rel1.win32_1.0.200.202406191623/tools/bin/../lib/gcc/arm-none-eabi/12.3.1/../../../../arm-none-eabi/lib/thumb/v7e-m+fp/hard\libc_nano.a(libc_a-memchr.o)
 .ARM.exidx     0x0800be90        0x0 C:/ST/STM32CubeIDE_1.14.0/STM32CubeIDE/plugins/com.st.stm32cube.ide.mcu.externaltools.gnu-tools-for-stm32.12.3.rel1.win32_1.0.200.202406191623/tools/bin/../lib/gcc/arm-none-eabi/12.3.1/../../../../arm-none-eabi/lib/thumb/v7e-m+fp/hard\libc_nano.a(libc_a-strlen.o)
                                  0x8 (size before relaxing)
 .ARM.exidx     0x0800be90        0x0 C:/ST/STM32CubeIDE_1.14.0/STM32CubeIDE/plugins/com.st.stm32cube.ide.mcu.externaltools.gnu-tools-for-stm32.12.3.rel1.win32_1.0.200.202406191623/tools/bin/../lib/gcc/arm-none-eabi/12.3.1/thumb/v7e-m+fp/hard\libgcc.a(_udivmoddi4.o)
                                  0x8 (size before relaxing)
                0x0800be90                        __exidx_end = .
                0x0800be90                        . = ALIGN (0x4)

.preinit_array  0x0800be90        0x0
                0x0800be90                        . = ALIGN (0x4)
                0x0800be90                        PROVIDE (__preinit_array_start = .)
 *(.preinit_array*)
                0x0800be90                        PROVIDE (__preinit_array_end = .)
                0x0800be90                        . = ALIGN (0x4)

.init_array     0x0800be90        0x4
                0x0800be90                        . = ALIGN (0x4)
                0x0800be90                        PROVIDE (__init_array_start = .)
 *(SORT_BY_NAME(.init_array.*))
 *(.init_array*)
 .init_array    0x0800be90        0x4 C:/ST/STM32CubeIDE_1.14.0/STM32CubeIDE/plugins/com.st.stm32cube.ide.mcu.externaltools.gnu-tools-for-stm32.12.3.rel1.win32_1.0.200.202406191623/tools/bin/../lib/gcc/arm-none-eabi/12.3.1/thumb/v7e-m+fp/hard/crtbegin.o
                0x0800be94                        PROVIDE (__init_array_end = .)
                0x0800be94                        . = ALIGN (0x4)

.fini_array     0x0800be94        0x4
                0x0800be94                        . = ALIGN (0x4)
                [!provide]                        PROVIDE (__fini_array_start = .)
 *(SORT_BY_NAME(.fini_array.*))
 *(.fini_array*)
 .fini_array    0x0800be94        0x4 C:/ST/STM32CubeIDE_1.14.0/STM32CubeIDE/plugins/com.st.stm32cube.ide.mcu.externaltools.gnu-tools-for-stm32.12.3.rel1.win32_1.0.200.202406191623/tools/bin/../lib/gcc/arm-none-eabi/12.3.1/thumb/v7e-m+fp/hard/crtbegin.o
                [!provide]                        PROVIDE (__fini_array_end = .)
                0x0800be98                        . = ALIGN (0x4)
                0x0800be98                        _sidata = LOADADDR (.data)

.rel.dyn        0x0800be98        0x0
 .rel.iplt      0x0800be98        0x0 C:/ST/STM32CubeIDE_1.14.0/STM32CubeIDE/plugins/com.st.stm32cube.ide.mcu.externaltools.gnu-tools-for-stm32.12.3.rel1.win32_1.0.200.202406191623/tools/bin/../lib/gcc/arm-none-eabi/12.3.1/thumb/v7e-m+fp/hard/crtbegin.o

.data           0x20000000      0x214 load address 0x0800be98
                0x20000000                        . = ALIGN (0x4)
                0x20000000                        _sdata = .
 *(.data)
 *(.data*)
 .data.SystemCoreClock
                0x20000000        0x4 ./Core/Src/system_stm32f7xx.o
                0x20000000                SystemCoreClock
 .data.wm8994_drv
                0x20000004       0x30 ./Drivers/BSP/Components/wm8994/wm8994.o
                0x20000004                wm8994_drv
 .data.ColdStartup
                0x20000034        0x1 ./Drivers/BSP/Components/wm8994/wm8994.o
 *fill*         0x20000035        0x3 
 .data.BUTTON_PORT
                0x20000038        0xc ./Drivers/BSP/STM32746G-Discovery/stm32746g_discovery.o
                0x20000038                BUTTON_PORT
 .data.uwTickPrio
                0x20000044        0x4 ./Drivers/STM32F7xx_HAL_Driver/Src/stm32f7xx_hal.o
                0x20000044                uwTickPrio
 .data.uwTickFreq
                0x20000048        0x1 ./Drivers/STM32F7xx_HAL_Driver/Src/stm32f7xx_hal.o
                0x20000048                uwTickFreq
 *fill*         0x20000049        0x3 
 .data.__sglue  0x2000004c        0xc C:/ST/STM32CubeIDE_1.14.0/STM32CubeIDE/plugins/com.st.stm32cube.ide.mcu.externaltools.gnu-tools-for-stm32.12.3.rel1.win32_1.0.200.202406191623/tools/bin/../lib/gcc/arm-none-eabi/12.3.1/../../../../arm-none-eabi/lib/thumb/v7e-m+fp/hard\libc_nano.a(libc_a-findfp.o)
                0x2000004c                __sglue
 .data._impure_ptr
                0x20000058        0x4 C:/ST/STM32CubeIDE_1.14.0/STM32CubeIDE/plugins/com.st.stm32cube.ide.mcu.externaltools.gnu-tools-for-stm32.12.3.rel1.win32_1.0.200.202406191623/tools/bin/../lib/gcc/arm-none-eabi/12.3.1/../../../../arm-none-eabi/lib/thumb/v7e-m+fp/hard\libc_nano.a(libc_a-impure.o)
                0x20000058                _impure_ptr
 .data._impure_data
                0x2000005c       0x4c C:/ST/STM32CubeIDE_1.14.0/STM32CubeIDE/plugins/com.st.stm32cube.ide.mcu.externaltools.gnu-tools-for-stm32.12.3.rel1.win32_1.0.200.202406191623/tools/bin/../lib/gcc/arm-none-eabi/12.3.1/../../../../arm-none-eabi/lib/thumb/v7e-m+fp/hard\libc_nano.a(libc_a-impure.o)
                0x2000005c                _impure_data
 .data.__global_locale
                0x200000a8      0x16c C:/ST/STM32CubeIDE_1.14.0/STM32CubeIDE/plugins/com.st.stm32cube.ide.mcu.externaltools.gnu-tools-for-stm32.12.3.rel1.win32_1.0.200.202406191623/tools/bin/../lib/gcc/arm-none-eabi/12.3.1/../../../../arm-none-eabi/lib/thumb/v7e-m+fp/hard\libc_nano.a(libc_a-locale.o)
                0x200000a8                __global_locale
 *(.RamFunc)
 *(.RamFunc*)
                0x20000214                        . = ALIGN (0x4)
                0x20000214                        _edata = .

.igot.plt       0x20000214        0x0 load address 0x0800c0ac
 .igot.plt      0x20000214        0x0 C:/ST/STM32CubeIDE_1.14.0/STM32CubeIDE/plugins/com.st.stm32cube.ide.mcu.externaltools.gnu-tools-for-stm32.12.3.rel1.win32_1.0.200.202406191623/tools/bin/../lib/gcc/arm-none-eabi/12.3.1/thumb/v7e-m+fp/hard/crtbegin.o
                0x20000214                        . = ALIGN (0x4)

.bss            0x20000220    0x20768 load address 0x0800c0ac
                0x20000220                        _sbss = .
                0x20000220                        __bss_start__ = _sbss
 *(.bss)
 .bss           0x20000220       0x1c C:/ST/STM32CubeIDE_1.14.0/STM32CubeIDE/plugins/com.st.stm32cube.ide.mcu.externaltools.gnu-tools-for-stm32.12.3.rel1.win32_1.0.200.202406191623/tools/bin/../lib/gcc/arm-none-eabi/12.3.1/thumb/v7e-m+fp/hard/crtbegin.o
 *(.bss*)
 .bss.hsdram1   0x2000023c       0x34 ./Core/Src/fmc.o
                0x2000023c                hsdram1
 .bss.FMC_Initialized
                0x20000270        0x4 ./Core/Src/fmc.o
 .bss.internal_buffer
                0x20000274    0x1fffc ./Core/Src/main.o
 *fill*         0x20020270       0x10 
 .bss.buffer_ctl
                0x20020280      0x208 ./Core/Src/main.o
 .bss.audio_state
                0x20020488        0x1 ./Core/Src/main.o
 *fill*         0x20020489        0x3 
 .bss.AudioStartAddress
                0x2002048c        0x4 ./Core/Src/main.o
 .bss.AudioFileSize
                0x20020490        0x4 ./Core/Src/main.o
 .bss.audio_rec_buffer_state
                0x20020494        0x4 ./Core/Src/main.o
                0x20020494                audio_rec_buffer_state
 .bss.button_pressed
                0x20020498        0x1 ./Core/Src/main.o
                0x20020498                button_pressed
 *fill*         0x20020499        0x3 
 .bss.hsai_BlockA1
                0x2002049c       0x84 ./Core/Src/sai.o
                0x2002049c                hsai_BlockA1
 .bss.hdma_sai1_a
                0x20020520       0x60 ./Core/Src/sai.o
                0x20020520                hdma_sai1_a
 .bss.SAI1_client
                0x20020580        0x4 ./Core/Src/sai.o
 .bss.__sbrk_heap_end
                0x20020584        0x4 ./Core/Src/sysmem.o
 .bss.huart1    0x20020588       0x88 ./Core/Src/usart.o
                0x20020588                huart1
 .bss.outputEnabled
                0x20020610        0x4 ./Drivers/BSP/Components/wm8994/wm8994.o
 .bss.inputEnabled
                0x20020614        0x4 ./Drivers/BSP/Components/wm8994/wm8994.o
 .bss.hI2cAudioHandler
                0x20020618       0x54 ./Drivers/BSP/STM32746G-Discovery/stm32746g_discovery.o
 .bss.audio_drv
                0x2002066c        0x4 ./Drivers/BSP/STM32746G-Discovery/stm32746g_discovery_audio.o
                0x2002066c                audio_drv
 .bss.haudio_out_sai
                0x20020670       0x84 ./Drivers/BSP/STM32746G-Discovery/stm32746g_discovery_audio.o
                0x20020670                haudio_out_sai
 .bss.haudio_in_sai
                0x200206f4       0x84 ./Drivers/BSP/STM32746G-Discovery/stm32746g_discovery_audio.o
                0x200206f4                haudio_in_sai
 .bss.hdma_sai_tx.2
                0x20020778       0x60 ./Drivers/BSP/STM32746G-Discovery/stm32746g_discovery_audio.o
 .bss.hdma_sai_rx.1
                0x200207d8       0x60 ./Drivers/BSP/STM32746G-Discovery/stm32746g_discovery_audio.o
 .bss.uwTick    0x20020838        0x4 ./Drivers/STM32F7xx_HAL_Driver/Src/stm32f7xx_hal.o
                0x20020838                uwTick
 .bss.__sf      0x2002083c      0x138 C:/ST/STM32CubeIDE_1.14.0/STM32CubeIDE/plugins/com.st.stm32cube.ide.mcu.externaltools.gnu-tools-for-stm32.12.3.rel1.win32_1.0.200.202406191623/tools/bin/../lib/gcc/arm-none-eabi/12.3.1/../../../../arm-none-eabi/lib/thumb/v7e-m+fp/hard\libc_nano.a(libc_a-findfp.o)
                0x2002083c                __sf
 .bss.__stdio_exit_handler
                0x20020974        0x4 C:/ST/STM32CubeIDE_1.14.0/STM32CubeIDE/plugins/com.st.stm32cube.ide.mcu.externaltools.gnu-tools-for-stm32.12.3.rel1.win32_1.0.200.202406191623/tools/bin/../lib/gcc/arm-none-eabi/12.3.1/../../../../arm-none-eabi/lib/thumb/v7e-m+fp/hard\libc_nano.a(libc_a-findfp.o)
                0x20020974                __stdio_exit_handler
 .bss.errno     0x20020978        0x4 C:/ST/STM32CubeIDE_1.14.0/STM32CubeIDE/plugins/com.st.stm32cube.ide.mcu.externaltools.gnu-tools-for-stm32.12.3.rel1.win32_1.0.200.202406191623/tools/bin/../lib/gcc/arm-none-eabi/12.3.1/../../../../arm-none-eabi/lib/thumb/v7e-m+fp/hard\libc_nano.a(libc_a-reent.o)
                0x20020978                errno
 .bss.__lock___malloc_recursive_mutex
                0x2002097c        0x1 C:/ST/STM32CubeIDE_1.14.0/STM32CubeIDE/plugins/com.st.stm32cube.ide.mcu.externaltools.gnu-tools-for-stm32.12.3.rel1.win32_1.0.200.202406191623/tools/bin/../lib/gcc/arm-none-eabi/12.3.1/../../../../arm-none-eabi/lib/thumb/v7e-m+fp/hard\libc_nano.a(libc_a-lock.o)
                0x2002097c                __lock___malloc_recursive_mutex
 .bss.__lock___sfp_recursive_mutex
                0x2002097d        0x1 C:/ST/STM32CubeIDE_1.14.0/STM32CubeIDE/plugins/com.st.stm32cube.ide.mcu.externaltools.gnu-tools-for-stm32.12.3.rel1.win32_1.0.200.202406191623/tools/bin/../lib/gcc/arm-none-eabi/12.3.1/../../../../arm-none-eabi/lib/thumb/v7e-m+fp/hard\libc_nano.a(libc_a-lock.o)
                0x2002097d                __lock___sfp_recursive_mutex
 *fill*         0x2002097e        0x2 
 .bss.__malloc_sbrk_start
                0x20020980        0x4 C:/ST/STM32CubeIDE_1.14.0/STM32CubeIDE/plugins/com.st.stm32cube.ide.mcu.externaltools.gnu-tools-for-stm32.12.3.rel1.win32_1.0.200.202406191623/tools/bin/../lib/gcc/arm-none-eabi/12.3.1/../../../../arm-none-eabi/lib/thumb/v7e-m+fp/hard\libc_nano.a(libc_a-mallocr.o)
                0x20020980                __malloc_sbrk_start
 .bss.__malloc_free_list
                0x20020984        0x4 C:/ST/STM32CubeIDE_1.14.0/STM32CubeIDE/plugins/com.st.stm32cube.ide.mcu.externaltools.gnu-tools-for-stm32.12.3.rel1.win32_1.0.200.202406191623/tools/bin/../lib/gcc/arm-none-eabi/12.3.1/../../../../arm-none-eabi/lib/thumb/v7e-m+fp/hard\libc_nano.a(libc_a-mallocr.o)
                0x20020984                __malloc_free_list
 *(COMMON)
                0x20020988                        . = ALIGN (0x4)
                0x20020988                        _ebss = .
                0x20020988                        __bss_end__ = _ebss

._user_heap_stack
                0x20020988      0x600 load address 0x0800c0ac
                0x20020988                        . = ALIGN (0x8)
                [!provide]                        PROVIDE (end = .)
                0x20020988                        PROVIDE (_end = .)
                0x20020b88                        . = (. + _Min_Heap_Size)
 *fill*         0x20020988      0x200 
                0x20020f88                        . = (. + _Min_Stack_Size)
 *fill*         0x20020b88      0x400 
                0x20020f88                        . = ALIGN (0x8)

/DISCARD/
 libc.a(*)
 libm.a(*)
 libgcc.a(*)

.ARM.attributes
                0x00000000       0x30
 *(.ARM.attributes)
 .ARM.attributes
                0x00000000       0x22 C:/ST/STM32CubeIDE_1.14.0/STM32CubeIDE/plugins/com.st.stm32cube.ide.mcu.externaltools.gnu-tools-for-stm32.12.3.rel1.win32_1.0.200.202406191623/tools/bin/../lib/gcc/arm-none-eabi/12.3.1/thumb/v7e-m+fp/hard/crti.o
 .ARM.attributes
                0x00000022       0x34 C:/ST/STM32CubeIDE_1.14.0/STM32CubeIDE/plugins/com.st.stm32cube.ide.mcu.externaltools.gnu-tools-for-stm32.12.3.rel1.win32_1.0.200.202406191623/tools/bin/../lib/gcc/arm-none-eabi/12.3.1/thumb/v7e-m+fp/hard/crtbegin.o
 .ARM.attributes
                0x00000056       0x34 ./Core/Src/dma.o
 .ARM.attributes
                0x0000008a       0x34 ./Core/Src/fmc.o
 .ARM.attributes
                0x000000be       0x34 ./Core/Src/gpio.o
 .ARM.attributes
                0x000000f2       0x34 ./Core/Src/main.o
 .ARM.attributes