../Drivers/CMSIS/Include/core_cm7.h:2491:22:SCB_CleanDCache_by_Addr	32	static,ignoring_inline_asm
../Core/Src/main.c:154:5:main	16	static
../Core/Src/main.c:305:6:SystemClock_Config	88	static
../Core/Src/main.c:355:1:__io_putchar	16	static
../Core/Src/main.c:364:20:AUDIO_Start	24	static
../Core/Src/main.c:388:17:GetData	32	static
../Core/Src/main.c:408:6:HAL_GPIO_EXTI_Callback	16	static
../Core/Src/main.c:421:6:BSP_AUDIO_OUT_TransferComplete_CallBack	4	static
../Core/Src/main.c:430:6:BSP_AUDIO_OUT_HalfTransfer_CallBack	4	static
../Core/Src/main.c:439:6:BSP_AUDIO_IN_TransferComplete_CallBack	8	static
../Core/Src/main.c:446:6:BSP_AUDIO_IN_HalfTransfer_CallBack	8	static
../Core/Src/main.c:453:6:BSP_AUDIO_IN_Error_CallBack	8	static
../Core/Src/main.c:470:6:check_button_release	8	static
../Core/Src/main.c:481:6:Error_Handler	4	static,ignoring_inline_asm
