../Drivers/CMSIS/Include/core_cm7.h:2491:22:SCB_CleanDCache_by_Addr	32	static,ignoring_inline_asm
../Core/Src/main.c:136:5:main	16	static
../Core/Src/main.c:300:6:SystemClock_Config	88	static
../Core/Src/main.c:352:6:PeriphCommonClock_Config	144	static
../Core/Src/main.c:374:1:__io_putchar	16	static
../Core/Src/main.c:384:20:AUDIO_Start	24	static
../Core/Src/main.c:408:17:GetData	32	static
../Core/Src/main.c:427:6:HAL_GPIO_EXTI_Callback	16	static
../Core/Src/main.c:440:6:BSP_AUDIO_OUT_TransferComplete_CallBack	4	static
../Core/Src/main.c:449:6:BSP_AUDIO_OUT_HalfTransfer_CallBack	4	static
../Core/Src/main.c:458:6:BSP_AUDIO_IN_TransferComplete_CallBack	8	static
../Core/Src/main.c:465:6:BSP_AUDIO_IN_HalfTransfer_CallBack	8	static
../Core/Src/main.c:472:6:BSP_AUDIO_IN_Error_CallBack	8	static
../Core/Src/main.c:488:6:check_button_release	8	static
../Core/Src/main.c:497:6:MPU_Config	24	static
../Core/Src/main.c:528:6:Error_Handler	4	static,ignoring_inline_asm
