../Core/Src/stm32f7xx_it.c:80:6:NMI_Handler	4	static
../Core/Src/stm32f7xx_it.c:95:6:HardFault_Handler	4	static
../Core/Src/stm32f7xx_it.c:110:6:MemManage_Handler	4	static
../Core/Src/stm32f7xx_it.c:125:6:BusFault_Handler	4	static
../Core/Src/stm32f7xx_it.c:140:6:UsageFault_Handler	4	static
../Core/Src/stm32f7xx_it.c:155:6:SVC_Handler	4	static
../Core/Src/stm32f7xx_it.c:168:6:DebugMon_Handler	4	static
../Core/Src/stm32f7xx_it.c:181:6:PendSV_Handler	4	static
../Core/Src/stm32f7xx_it.c:194:6:SysTick_Handler	8	static
../Core/Src/stm32f7xx_it.c:215:6:EXTI15_10_IRQHandler	8	static
../Core/Src/stm32f7xx_it.c:229:6:DMA2_Stream1_IRQHandler	8	static
../Core/Src/stm32f7xx_it.c:243:6:DMA2_Stream4_IRQHandler	8	static
../Core/Src/stm32f7xx_it.c:255:6:DMA2_Stream7_IRQHandler	8	static
../Core/Src/stm32f7xx_it.c:261:6:AUDIO_OUT_SAIx_DMAx_IRQHandler	8	static
../Core/Src/stm32f7xx_it.c:268:6:BSP_SDRAM_DMA_IRQHandler	8	static
